Archive member included to satisfy reference by file (symbol)

c:/users/abhinav/appdata/roaming/code/user/globalstorage/bmd.stm32-for-vscode/@xpack-dev-tools/arm-none-eabi-gcc/12.3.1-1.1.1/.content/bin/../lib/gcc/arm-none-eabi/12.3.1/../../../../arm-none-eabi/lib/thumb/v7-m/nofp\libc_nano.a(libc_a-atexit.o)
                              c:/users/abhinav/appdata/roaming/code/user/globalstorage/bmd.stm32-for-vscode/@xpack-dev-tools/arm-none-eabi-gcc/12.3.1-1.1.1/.content/bin/../lib/gcc/arm-none-eabi/12.3.1/../../../../arm-none-eabi/lib/thumb/v7-m/nofp/crt0.o (atexit)
c:/users/abhinav/appdata/roaming/code/user/globalstorage/bmd.stm32-for-vscode/@xpack-dev-tools/arm-none-eabi-gcc/12.3.1-1.1.1/.content/bin/../lib/gcc/arm-none-eabi/12.3.1/../../../../arm-none-eabi/lib/thumb/v7-m/nofp\libc_nano.a(libc_a-exit.o)
                              c:/users/abhinav/appdata/roaming/code/user/globalstorage/bmd.stm32-for-vscode/@xpack-dev-tools/arm-none-eabi-gcc/12.3.1-1.1.1/.content/bin/../lib/gcc/arm-none-eabi/12.3.1/../../../../arm-none-eabi/lib/thumb/v7-m/nofp/crt0.o (exit)
c:/users/abhinav/appdata/roaming/code/user/globalstorage/bmd.stm32-for-vscode/@xpack-dev-tools/arm-none-eabi-gcc/12.3.1-1.1.1/.content/bin/../lib/gcc/arm-none-eabi/12.3.1/../../../../arm-none-eabi/lib/thumb/v7-m/nofp\libc_nano.a(libc_a-findfp.o)
                              c:/users/abhinav/appdata/roaming/code/user/globalstorage/bmd.stm32-for-vscode/@xpack-dev-tools/arm-none-eabi-gcc/12.3.1-1.1.1/.content/bin/../lib/gcc/arm-none-eabi/12.3.1/../../../../arm-none-eabi/lib/thumb/v7-m/nofp\libc_nano.a(libc_a-exit.o) (__stdio_exit_handler)
c:/users/abhinav/appdata/roaming/code/user/globalstorage/bmd.stm32-for-vscode/@xpack-dev-tools/arm-none-eabi-gcc/12.3.1-1.1.1/.content/bin/../lib/gcc/arm-none-eabi/12.3.1/../../../../arm-none-eabi/lib/thumb/v7-m/nofp\libc_nano.a(libc_a-fwalk.o)
                              c:/users/abhinav/appdata/roaming/code/user/globalstorage/bmd.stm32-for-vscode/@xpack-dev-tools/arm-none-eabi-gcc/12.3.1-1.1.1/.content/bin/../lib/gcc/arm-none-eabi/12.3.1/../../../../arm-none-eabi/lib/thumb/v7-m/nofp\libc_nano.a(libc_a-findfp.o) (_fwalk_sglue)
c:/users/abhinav/appdata/roaming/code/user/globalstorage/bmd.stm32-for-vscode/@xpack-dev-tools/arm-none-eabi-gcc/12.3.1-1.1.1/.content/bin/../lib/gcc/arm-none-eabi/12.3.1/../../../../arm-none-eabi/lib/thumb/v7-m/nofp\libc_nano.a(libc_a-sprintf.o)
                              build/main.o (sprintf)
c:/users/abhinav/appdata/roaming/code/user/globalstorage/bmd.stm32-for-vscode/@xpack-dev-tools/arm-none-eabi-gcc/12.3.1-1.1.1/.content/bin/../lib/gcc/arm-none-eabi/12.3.1/../../../../arm-none-eabi/lib/thumb/v7-m/nofp\libc_nano.a(libc_a-stdio.o)
                              c:/users/abhinav/appdata/roaming/code/user/globalstorage/bmd.stm32-for-vscode/@xpack-dev-tools/arm-none-eabi-gcc/12.3.1-1.1.1/.content/bin/../lib/gcc/arm-none-eabi/12.3.1/../../../../arm-none-eabi/lib/thumb/v7-m/nofp\libc_nano.a(libc_a-findfp.o) (__sread)
c:/users/abhinav/appdata/roaming/code/user/globalstorage/bmd.stm32-for-vscode/@xpack-dev-tools/arm-none-eabi-gcc/12.3.1-1.1.1/.content/bin/../lib/gcc/arm-none-eabi/12.3.1/../../../../arm-none-eabi/lib/thumb/v7-m/nofp\libc_nano.a(libc_a-memset.o)
                              c:/users/abhinav/appdata/roaming/code/user/globalstorage/bmd.stm32-for-vscode/@xpack-dev-tools/arm-none-eabi-gcc/12.3.1-1.1.1/.content/bin/../lib/gcc/arm-none-eabi/12.3.1/../../../../arm-none-eabi/lib/thumb/v7-m/nofp/crt0.o (memset)
c:/users/abhinav/appdata/roaming/code/user/globalstorage/bmd.stm32-for-vscode/@xpack-dev-tools/arm-none-eabi-gcc/12.3.1-1.1.1/.content/bin/../lib/gcc/arm-none-eabi/12.3.1/../../../../arm-none-eabi/lib/thumb/v7-m/nofp\libc_nano.a(libc_a-closer.o)
                              c:/users/abhinav/appdata/roaming/code/user/globalstorage/bmd.stm32-for-vscode/@xpack-dev-tools/arm-none-eabi-gcc/12.3.1-1.1.1/.content/bin/../lib/gcc/arm-none-eabi/12.3.1/../../../../arm-none-eabi/lib/thumb/v7-m/nofp\libc_nano.a(libc_a-stdio.o) (_close_r)
c:/users/abhinav/appdata/roaming/code/user/globalstorage/bmd.stm32-for-vscode/@xpack-dev-tools/arm-none-eabi-gcc/12.3.1-1.1.1/.content/bin/../lib/gcc/arm-none-eabi/12.3.1/../../../../arm-none-eabi/lib/thumb/v7-m/nofp\libc_nano.a(libc_a-reent.o)
                              c:/users/abhinav/appdata/roaming/code/user/globalstorage/bmd.stm32-for-vscode/@xpack-dev-tools/arm-none-eabi-gcc/12.3.1-1.1.1/.content/bin/../lib/gcc/arm-none-eabi/12.3.1/../../../../arm-none-eabi/lib/thumb/v7-m/nofp\libc_nano.a(libc_a-closer.o) (errno)
c:/users/abhinav/appdata/roaming/code/user/globalstorage/bmd.stm32-for-vscode/@xpack-dev-tools/arm-none-eabi-gcc/12.3.1-1.1.1/.content/bin/../lib/gcc/arm-none-eabi/12.3.1/../../../../arm-none-eabi/lib/thumb/v7-m/nofp\libc_nano.a(libc_a-impure.o)
[...]
Memory Configuration

Name             Origin             Length             Attributes
RAM              0x20000000         0x00005000         xrw
FLASH            0x08000000         0x00010000         xr
*default*        0x00000000         0xffffffff

Linker script and memory map

LOAD c:/users/abhinav/appdata/roaming/code/user/globalstorage/bmd.stm32-for-vscode/@xpack-dev-tools/arm-none-eabi-gcc/12.3.1-1.1.1/.content/bin/../lib/gcc/arm-none-eabi/12.3.1/thumb/v7-m/nofp/crti.o
LOAD c:/users/abhinav/appdata/roaming/code/user/globalstorage/bmd.stm32-for-vscode/@xpack-dev-tools/arm-none-eabi-gcc/12.3.1-1.1.1/.content/bin/../lib/gcc/arm-none-eabi/12.3.1/thumb/v7-m/nofp/crtbegin.o
LOAD c:/users/abhinav/appdata/roaming/code/user/globalstorage/bmd.stm32-for-vscode/@xpack-dev-tools/arm-none-eabi-gcc/12.3.1-1.1.1/.content/bin/../lib/gcc/arm-none-eabi/12.3.1/../../../../arm-none-eabi/lib/thumb/v7-m/nofp/crt0.o
LOAD build/stm32f1xx_hal.o
LOAD build/stm32f1xx_hal_cortex.o
LOAD build/stm32f1xx_hal_dma.o
LOAD build/stm32f1xx_hal_exti.o
LOAD build/stm32f1xx_hal_flash.o
LOAD build/stm32f1xx_hal_flash_ex.o
LOAD build/stm32f1xx_hal_gpio.o
LOAD build/stm32f1xx_hal_gpio_ex.o
LOAD build/stm32f1xx_hal_pwr.o
LOAD build/stm32f1xx_hal_rcc.o
LOAD build/stm32f1xx_hal_rcc_ex.o
LOAD build/stm32f1xx_hal_spi.o
LOAD build/stm32f1xx_hal_tim.o
LOAD build/stm32f1xx_hal_tim_ex.o
LOAD build/cmsis_os2.o
LOAD build/croutine.o
LOAD build/event_groups.o
LOAD build/list.o
LOAD build/port.o
LOAD build/heap_4.o
LOAD build/queue.o
LOAD build/stream_buffer.o
LOAD build/tasks.o
LOAD build/timers.o
LOAD build/freertos.o
LOAD build/main.o
LOAD build/nokia.o
LOAD build/stm32f1xx_hal_msp.o
LOAD build/stm32f1xx_it.o
LOAD build/system_stm32f1xx.o
LOAD build/startup_stm32f103xb.o
LOAD c:/users/abhinav/appdata/roaming/code/user/globalstorage/bmd.stm32-for-vscode/@xpack-dev-tools/arm-none-eabi-gcc/12.3.1-1.1.1/.content/bin/../lib/gcc/arm-none-eabi/12.3.1/../../../../arm-none-eabi/lib/thumb/v7-m/nofp\libc_nano.a
LOAD c:/users/abhinav/appdata/roaming/code/user/globalstorage/bmd.stm32-for-vscode/@xpack-dev-tools/arm-none-eabi-gcc/12.3.1-1.1.1/.content/bin/../lib/gcc/arm-none-eabi/12.3.1/../../../../arm-none-eabi/lib/thumb/v7-m/nofp\libm.a
LOAD c:/users/abhinav/appdata/roaming/code/user/globalstorage/bmd.stm32-for-vscode/@xpack-dev-tools/arm-none-eabi-gcc/12.3.1-1.1.1/.content/bin/../lib/gcc/arm-none-eabi/12.3.1/../../../../arm-none-eabi/lib/thumb/v7-m/nofp\libnosys.a
START GROUP
LOAD c:/users/abhinav/appdata/roaming/code/user/globalstorage/bmd.stm32-for-vscode/@xpack-dev-tools/arm-none-eabi-gcc/12.3.1-1.1.1/.content/bin/../lib/gcc/arm-none-eabi/12.3.1/thumb/v7-m/nofp\libgcc.a
LOAD c:/users/abhinav/appdata/roaming/code/user/globalstorage/bmd.stm32-for-vscode/@xpack-dev-tools/arm-none-eabi-gcc/12.3.1-1.1.1/.content/bin/../lib/gcc/arm-none-eabi/12.3.1/../../../../arm-none-eabi/lib/thumb/v7-m/nofp\libc_nano.a
END GROUP
START GROUP
LOAD c:/users/abhinav/appdata/roaming/code/user/globalstorage/bmd.stm32-for-vscode/@xpack-dev-tools/arm-none-eabi-gcc/12.3.1-1.1.1/.content/bin/../lib/gcc/arm-none-eabi/12.3.1/thumb/v7-m/nofp\libgcc.a
LOAD c:/users/abhinav/appdata/roaming/code/user/globalstorage/bmd.stm32-for-vscode/@xpack-dev-tools/arm-none-eabi-gcc/12.3.1-1.1.1/.content/bin/../lib/gcc/arm-none-eabi/12.3.1/../../../../arm-none-eabi/lib/thumb/v7-m/nofp\libc_nano.a
END GROUP
LOAD c:/users/abhinav/appdata/roaming/code/user/globalstorage/bmd.stm32-for-vscode/@xpack-dev-tools/arm-none-eabi-gcc/12.3.1-1.1.1/.content/bin/../lib/gcc/arm-none-eabi/12.3.1/thumb/v7-m/nofp/crtend.o
LOAD c:/users/abhinav/appdata/roaming/code/user/globalstorage/bmd.stm32-for-vscode/@xpack-dev-tools/arm-none-eabi-gcc/12.3.1-1.1.1/.content/bin/../lib/gcc/arm-none-eabi/12.3.1/thumb/v7-m/nofp/crtn.o
                0x20005000                        _estack = (ORIGIN (RAM) + LENGTH (RAM))
                0x00000200                        _Min_Heap_Size = 0x200
                0x00000400                        _Min_Stack_Size = 0x400

.isr_vector     0x08000000      0x10c
                0x08000000                        . = ALIGN (0x4)
 *(.isr_vector)
 .isr_vector    0x08000000      0x10c build/startup_stm32f103xb.o
                0x08000000                g_pfnVectors
                0x0800010c                        . = ALIGN (0x4)

.text           0x08000110     0x314c
                0x08000110                        . = ALIGN (0x4)
 *(.text)
 *(.text*)
 .text.__do_global_dtors_aux
                0x08000110       0x24 c:/users/abhinav/appdata/roaming/code/user/globalstorage/bmd.stm32-for-vscode/@xpack-dev-tools/arm-none-eabi-gcc/12.3.1-1.1.1/.content/bin/../lib/gcc/arm-none-eabi/12.3.1/thumb/v7-m/nofp/crtbegin.o
 .text.frame_dummy
                0x08000134       0x1c c:/users/abhinav/appdata/roaming/code/user/globalstorage/bmd.stm32-for-vscode/@xpack-dev-tools/arm-none-eabi-gcc/12.3.1-1.1.1/.content/bin/../lib/gcc/arm-none-eabi/12.3.1/thumb/v7-m/nofp/crtbegin.o
 .text.HAL_InitTick
                0x08000150       0x4c build/stm32f1xx_hal.o
                0x08000150                HAL_InitTick
 .text.HAL_Init
                0x0800019c       0x24 build/stm32f1xx_hal.o
                0x0800019c                HAL_Init
 .text.HAL_IncTick
                0x080001c0       0x18 build/stm32f1xx_hal.o
                0x080001c0                HAL_IncTick
 .text.HAL_GetTick
                0x080001d8        0xc build/stm32f1xx_hal.o
                0x080001d8                HAL_GetTick
 .text.HAL_Delay
                0x080001e4       0x28 build/stm32f1xx_hal.o
                0x080001e4                HAL_Delay
 .text.__NVIC_SetPriority
                0x0800020c       0x28 build/stm32f1xx_hal_cortex.o
 .text.NVIC_EncodePriority
                0x08000234       0x3e build/stm32f1xx_hal_cortex.o
 *fill*         0x08000272        0x2 
 .text.HAL_NVIC_SetPriorityGrouping
                0x08000274       0x24 build/stm32f1xx_hal_cortex.o
                0x08000274                HAL_NVIC_SetPriorityGrouping
 .text.HAL_NVIC_SetPriority
                0x08000298       0x20 build/stm32f1xx_hal_cortex.o
                0x08000298                HAL_NVIC_SetPriority
 .text.HAL_SYSTICK_Config
                0x080002b8       0x28 build/stm32f1xx_hal_cortex.o
                0x080002b8                HAL_SYSTICK_Config
 .text.HAL_GPIO_Init
                0x080002e0      0x21c build/stm32f1xx_hal_gpio.o
                0x080002e0                HAL_GPIO_Init
 .text.HAL_GPIO_ReadPin
                0x080004fc        0xe build/stm32f1xx_hal_gpio.o
                0x080004fc                HAL_GPIO_ReadPin
 .text.HAL_GPIO_WritePin
                0x0800050a        0xc build/stm32f1xx_hal_gpio.o
                0x0800050a                HAL_GPIO_WritePin
 .text.HAL_GPIO_TogglePin
                0x08000516       0x12 build/stm32f1xx_hal_gpio.o
                0x08000516                HAL_GPIO_TogglePin
 .text.RCC_Delay
                0x08000528       0x2c build/stm32f1xx_hal_rcc.o
 .text.HAL_RCC_OscConfig
                0x08000554      0x410 build/stm32f1xx_hal_rcc.o
                0x08000554                HAL_RCC_OscConfig
 .text.HAL_RCC_GetSysClockFreq
                0x08000964       0x54 build/stm32f1xx_hal_rcc.o
                0x08000964                HAL_RCC_GetSysClockFreq
 .text.HAL_RCC_ClockConfig
                0x080009b8      0x16c build/stm32f1xx_hal_rcc.o
                0x080009b8                HAL_RCC_ClockConfig
 .text.SPI_WaitFlagStateUntilTimeout
                0x08000b24       0xc8 build/stm32f1xx_hal_spi.o
 .text.SPI_EndRxTxTransaction
                0x08000bec       0x24 build/stm32f1xx_hal_spi.o
 .text.HAL_SPI_Init
                0x08000c10       0xb6 build/stm32f1xx_hal_spi.o
                0x08000c10                HAL_SPI_Init
 .text.HAL_SPI_Transmit
                0x08000cc6      0x1b8 build/stm32f1xx_hal_spi.o
                0x08000cc6                HAL_SPI_Transmit
 *fill*         0x08000e7e        0x2 
 .text.osKernelInitialize
                0x08000e80       0x44 build/cmsis_os2.o
                0x08000e80                osKernelInitialize
 .text.osThreadNew
                0x08000ec4       0xec build/cmsis_os2.o
                0x08000ec4                osThreadNew
 .text.osDelay  0x08000fb0       0x44 build/cmsis_os2.o
                0x08000fb0                osDelay
 .text.osMutexNew
                0x08000ff4       0xb8 build/cmsis_os2.o
                0x08000ff4                osMutexNew
 .text.vListInitialise
                0x080010ac       0x16 build/list.o
                0x080010ac                vListInitialise
 .text.vListInitialiseItem
                0x080010c2        0x6 build/list.o
                0x080010c2                vListInitialiseItem
 .text.vListInsertEnd
                0x080010c8       0x16 build/list.o
                0x080010c8                vListInsertEnd
 .text.vListInsert
                0x080010de       0x32 build/list.o
                0x080010de                vListInsert
 .text.uxListRemove
                0x08001110       0x26 build/list.o
                0x08001110                uxListRemove
 *fill*         0x08001136        0x2 
 .text.prvTaskExitError
                0x08001138       0x40 build/port.o
 .text.pxPortInitialiseStack
                0x08001178       0x24 build/port.o
                0x08001178                pxPortInitialiseStack
 *fill*         0x0800119c        0x4 
 .text.SVC_Handler
                0x080011a0       0x24 build/port.o
                0x080011a0                SVC_Handler
 .text.vPortEnterCritical
                0x080011c4       0x44 build/port.o
                0x080011c4                vPortEnterCritical
 .text.vPortExitCritical
                0x08001208       0x2c build/port.o
                0x08001208                vPortExitCritical
 *fill*         0x08001234        0xc 
 .text.PendSV_Handler
                0x08001240       0x44 build/port.o
                0x08001240                PendSV_Handler
 .text.xPortSysTickHandler
                0x08001284       0x2c build/port.o
                0x08001284                xPortSysTickHandler
 .text.prvHeapInit
                0x080012b0       0x64 build/heap_4.o
 .text.prvInsertBlockIntoFreeList
                0x08001314       0x60 build/heap_4.o
 .text.pvPortMalloc
                0x08001374       0xf8 build/heap_4.o
                0x08001374                pvPortMalloc
 .text.vPortFree
                0x0800146c       0x70 build/heap_4.o
                0x0800146c                vPortFree
 .text.prvIsQueueFull
                0x080014dc       0x1e build/queue.o
 .text.prvCopyDataToQueue
                0x080014fa       0x76 build/queue.o
 .text.prvUnlockQueue
                0x08001570       0x6e build/queue.o
 .text.xQueueGenericReset
                0x080015de       0x84 build/queue.o
                0x080015de                xQueueGenericReset
 .text.prvInitialiseNewQueue
                0x08001662       0x22 build/queue.o
 .text.xQueueGenericCreateStatic
                0x08001684       0x92 build/queue.o
                0x08001684                xQueueGenericCreateStatic
 .text.xQueueGenericCreate
                0x08001716       0x4e build/queue.o
                0x08001716                xQueueGenericCreate
 .text.xQueueGenericSend
                0x08001764      0x188 build/queue.o
                0x08001764                xQueueGenericSend
 .text.prvInitialiseMutex
                0x080018ec       0x18 build/queue.o
 .text.xQueueCreateMutex
                0x08001904       0x16 build/queue.o
                0x08001904                xQueueCreateMutex
 .text.xQueueCreateMutexStatic
                0x0800191a       0x1e build/queue.o
                0x0800191a                xQueueCreateMutexStatic
 .text.vQueueAddToRegistry
                0x08001938       0x28 build/queue.o
                0x08001938                vQueueAddToRegistry
 .text.prvResetNextTaskUnblockTime
                0x08001960       0x2c build/tasks.o
 .text.prvInitialiseNewTask
                0x0800198c       0x98 build/tasks.o
 .text.prvInitialiseTaskLists
                0x08001a24       0x68 build/tasks.o
 .text.prvAddNewTaskToReadyList
                0x08001a8c       0xac build/tasks.o
 .text.prvAddCurrentTaskToDelayedList
                0x08001b38       0x7c build/tasks.o
 .text.xTaskCreateStatic
                0x08001bb4       0x74 build/tasks.o
                0x08001bb4                xTaskCreateStatic
 .text.xTaskCreate
                0x08001c28       0x64 build/tasks.o
                0x08001c28                xTaskCreate
 .text.vTaskSuspendAll
                0x08001c8c       0x10 build/tasks.o
                0x08001c8c                vTaskSuspendAll
 .text.xTaskIncrementTick
                0x08001c9c      0x118 build/tasks.o
                0x08001c9c                xTaskIncrementTick
 .text.xTaskResumeAll
                0x08001db4       0xf8 build/tasks.o
                0x08001db4                xTaskResumeAll
 .text.vTaskDelay
                0x08001eac       0x4c build/tasks.o
                0x08001eac                vTaskDelay
 .text.vTaskSwitchContext
                0x08001ef8       0x98 build/tasks.o
                0x08001ef8                vTaskSwitchContext
 .text.vTaskPlaceOnEventList
                0x08001f90       0x30 build/tasks.o
                0x08001f90                vTaskPlaceOnEventList
 .text.xTaskRemoveFromEventList
                0x08001fc0       0x8c build/tasks.o
                0x08001fc0                xTaskRemoveFromEventList
 .text.vTaskInternalSetTimeOutState
                0x0800204c       0x18 build/tasks.o
                0x0800204c                vTaskInternalSetTimeOutState
 .text.xTaskCheckForTimeOut
                0x08002064       0x84 build/tasks.o
                0x08002064                xTaskCheckForTimeOut
 .text.vTaskMissedYield
                0x080020e8        0xc build/tasks.o
                0x080020e8                vTaskMissedYield
 .text.xTaskGetSchedulerState
                0x080020f4       0x20 build/tasks.o
                0x080020f4                xTaskGetSchedulerState
 .text.xTaskPriorityDisinherit
                0x08002114       0x90 build/tasks.o
                0x08002114                xTaskPriorityDisinherit
 .text.lcd_task
                0x080021a4       0x58 build/main.o
                0x080021a4                lcd_task
 .text.MX_GPIO_Init
                0x080021fc      0x104 build/main.o
 .text.StartDefaultTask
                0x08002300       0x1c build/main.o
                0x08002300                StartDefaultTask
 .text.read_btn_rt
                0x0800231c       0x18 build/main.o
                0x0800231c                read_btn_rt
 .text.read_btn_lt
                0x08002334       0x18 build/main.o
                0x08002334                read_btn_lt
 .text.update_score
                0x0800234c       0x3c build/main.o
                0x0800234c                update_score
 .text.button_task
                0x08002388      0x10c build/main.o
                0x08002388                button_task
 .text.Error_Handler
                0x08002494        0x4 build/main.o
                0x08002494                Error_Handler
 .text.MX_SPI1_Init
                0x08002498       0x40 build/main.o
 .text.SystemClock_Config
                0x080024d8       0x64 build/main.o
                0x080024d8                SystemClock_Config
 .text.main     0x0800253c       0xd8 build/main.o
                0x0800253c                main
 .text.n_spi_tx
                0x08002614       0x32 build/nokia.o
                0x08002614                n_spi_tx
 .text.n_init   0x08002646       0x62 build/nokia.o
                0x08002646                n_init
 .text.n_pos    0x080026a8       0x34 build/nokia.o
                0x080026a8                n_pos
 .text.n_clear  0x080026dc       0x2c build/nokia.o
                0x080026dc                n_clear
 .text.n_print  0x08002708       0x58 build/nokia.o
                0x08002708                n_print
 .text.n_raw_print
                0x08002760       0x24 build/nokia.o
                0x08002760                n_raw_print
 .text.HAL_MspInit
                0x08002784       0x54 build/stm32f1xx_hal_msp.o
                0x08002784                HAL_MspInit
 .text.HAL_SPI_MspInit
                0x080027d8       0x74 build/stm32f1xx_hal_msp.o
                0x080027d8                HAL_SPI_MspInit
 .text.NMI_Handler
                0x0800284c        0x2 build/stm32f1xx_it.o
                0x0800284c                NMI_Handler
 .text.HardFault_Handler
                0x0800284e        0x2 build/stm32f1xx_it.o
                0x0800284e                HardFault_Handler
 .text.MemManage_Handler
                0x08002850        0x2 build/stm32f1xx_it.o
                0x08002850                MemManage_Handler
 .text.BusFault_Handler
                0x08002852        0x2 build/stm32f1xx_it.o
                0x08002852                BusFault_Handler
 .text.UsageFault_Handler
                0x08002854        0x2 build/stm32f1xx_it.o
                0x08002854                UsageFault_Handler
 .text.DebugMon_Handler
                0x08002856        0x2 build/stm32f1xx_it.o
                0x08002856                DebugMon_Handler
 .text.SysTick_Handler
                0x08002858       0x16 build/stm32f1xx_it.o
                0x08002858                SysTick_Handler
 .text.SystemInit
                0x0800286e        0x2 build/system_stm32f1xx.o
                0x0800286e                SystemInit
 .text.Reset_Handler
                0x08002870       0x48 build/startup_stm32f103xb.o
                0x08002870                Reset_Handler
 .text.Default_Handler
                0x080028b8        0x2 build/startup_stm32f103xb.o
                0x080028b8                RTC_Alarm_IRQHandler
                0x080028b8                EXTI2_IRQHandler
                0x080028b8                TIM1_CC_IRQHandler
                0x080028b8                PVD_IRQHandler
                0x080028b8                EXTI3_IRQHandler
                0x080028b8                EXTI0_IRQHandler
                0x080028b8                I2C2_EV_IRQHandler
                0x080028b8                ADC1_2_IRQHandler
                0x080028b8                SPI1_IRQHandler
                0x080028b8                TAMPER_IRQHandler
                0x080028b8                DMA1_Channel4_IRQHandler
                0x080028b8                USART3_IRQHandler
                0x080028b8                RTC_IRQHandler
                0x080028b8                DMA1_Channel7_IRQHandler
                0x080028b8                CAN1_RX1_IRQHandler
                0x080028b8                TIM4_IRQHandler
                0x080028b8                I2C1_EV_IRQHandler
                0x080028b8                DMA1_Channel6_IRQHandler
                0x080028b8                TIM3_IRQHandler
                0x080028b8                RCC_IRQHandler
                0x080028b8                TIM1_TRG_COM_IRQHandler
                0x080028b8                DMA1_Channel1_IRQHandler
                0x080028b8                Default_Handler
                0x080028b8                EXTI15_10_IRQHandler
                0x080028b8                EXTI9_5_IRQHandler
                0x080028b8                SPI2_IRQHandler
                0x080028b8                DMA1_Channel5_IRQHandler
                0x080028b8                EXTI4_IRQHandler
                0x080028b8                USB_LP_CAN1_RX0_IRQHandler
                0x080028b8                USB_HP_CAN1_TX_IRQHandler
                0x080028b8                DMA1_Channel3_IRQHandler
                0x080028b8                TIM1_UP_IRQHandler
                0x080028b8                WWDG_IRQHandler
                0x080028b8                TIM2_IRQHandler
                0x080028b8                TIM1_BRK_IRQHandler
                0x080028b8                EXTI1_IRQHandler
                0x080028b8                USART2_IRQHandler
                0x080028b8                I2C2_ER_IRQHandler
                0x080028b8                DMA1_Channel2_IRQHandler
                0x080028b8                CAN1_SCE_IRQHandler
                0x080028b8                FLASH_IRQHandler
                0x080028b8                USART1_IRQHandler
                0x080028b8                I2C1_ER_IRQHandler
                0x080028b8                USBWakeUp_IRQHandler
 *fill*         0x080028ba        0x2 
 .text.sprintf  0x080028bc       0x40 c:/users/abhinav/appdata/roaming/code/user/globalstorage/bmd.stm32-for-vscode/@xpack-dev-tools/arm-none-eabi-gcc/12.3.1-1.1.1/.content/bin/../lib/gcc/arm-none-eabi/12.3.1/../../../../arm-none-eabi/lib/thumb/v7-m/nofp\libc_nano.a(libc_a-sprintf.o)
                0x080028bc                siprintf
                0x080028bc                sprintf
 .text.memset   0x080028fc       0x10 c:/users/abhinav/appdata/roaming/code/user/globalstorage/bmd.stm32-for-vscode/@xpack-dev-tools/arm-none-eabi-gcc/12.3.1-1.1.1/.content/bin/../lib/gcc/arm-none-eabi/12.3.1/../../../../arm-none-eabi/lib/thumb/v7-m/nofp\libc_nano.a(libc_a-memset.o)
                0x080028fc                memset
 .text.__libc_init_array
                0x0800290c       0x48 c:/users/abhinav/appdata/roaming/code/user/globalstorage/bmd.stm32-for-vscode/@xpack-dev-tools/arm-none-eabi-gcc/12.3.1-1.1.1/.content/bin/../lib/gcc/arm-none-eabi/12.3.1/../../../../arm-none-eabi/lib/thumb/v7-m/nofp\libc_nano.a(libc_a-init.o)
                0x0800290c                __libc_init_array
 .text.__retarget_lock_acquire_recursive
                0x08002954        0x2 c:/users/abhinav/appdata/roaming/code/user/globalstorage/bmd.stm32-for-vscode/@xpack-dev-tools/arm-none-eabi-gcc/12.3.1-1.1.1/.content/bin/../lib/gcc/arm-none-eabi/12.3.1/../../../../arm-none-eabi/lib/thumb/v7-m/nofp\libc_nano.a(libc_a-lock.o)
                0x08002954                __retarget_lock_acquire_recursive
 .text.__retarget_lock_release_recursive
                0x08002956        0x2 c:/users/abhinav/appdata/roaming/code/user/globalstorage/bmd.stm32-for-vscode/@xpack-dev-tools/arm-none-eabi-gcc/12.3.1-1.1.1/.content/bin/../lib/gcc/arm-none-eabi/12.3.1/../../../../arm-none-eabi/lib/thumb/v7-m/nofp\libc_nano.a(libc_a-lock.o)
                0x08002956                __retarget_lock_release_recursive
 .text.memcpy   0x08002958       0x1c c:/users/abhinav/appdata/roaming/code/user/globalstorage/bmd.stm32-for-vscode/@xpack-dev-tools/arm-none-eabi-gcc/12.3.1-1.1.1/.content/bin/../lib/gcc/arm-none-eabi/12.3.1/../../../../arm-none-eabi/lib/thumb/v7-m/nofp\libc_nano.a(libc_a-memcpy-stub.o)
                0x08002958                memcpy
 .text._free_r  0x08002974       0x90 c:/users/abhinav/appdata/roaming/code/user/globalstorage/bmd.stm32-for-vscode/@xpack-dev-tools/arm-none-eabi-gcc/12.3.1-1.1.1/.content/bin/../lib/gcc/arm-none-eabi/12.3.1/../../../../arm-none-eabi/lib/thumb/v7-m/nofp\libc_nano.a(libc_a-freer.o)
                0x08002974                _free_r
 .text.sbrk_aligned
                0x08002a04       0x44 c:/users/abhinav/appdata/roaming/code/user/globalstorage/bmd.stm32-for-vscode/@xpack-dev-tools/arm-none-eabi-gcc/12.3.1-1.1.1/.content/bin/../lib/gcc/arm-none-eabi/12.3.1/../../../../arm-none-eabi/lib/thumb/v7-m/nofp\libc_nano.a(libc_a-mallocr.o)
 .text._malloc_r
                0x08002a48      0x100 c:/users/abhinav/appdata/roaming/code/user/globalstorage/bmd.stm32-for-vscode/@xpack-dev-tools/arm-none-eabi-gcc/12.3.1-1.1.1/.content/bin/../lib/gcc/arm-none-eabi/12.3.1/../../../../arm-none-eabi/lib/thumb/v7-m/nofp\libc_nano.a(libc_a-mallocr.o)
                0x08002a48                _malloc_r
 .text.__malloc_lock
                0x08002b48        0xc c:/users/abhinav/appdata/roaming/code/user/globalstorage/bmd.stm32-for-vscode/@xpack-dev-tools/arm-none-eabi-gcc/12.3.1-1.1.1/.content/bin/../lib/gcc/arm-none-eabi/12.3.1/../../../../arm-none-eabi/lib/thumb/v7-m/nofp\libc_nano.a(libc_a-mlock.o)
                0x08002b48                __malloc_lock
 .text.__malloc_unlock
                0x08002b54        0xc c:/users/abhinav/appdata/roaming/code/user/globalstorage/bmd.stm32-for-vscode/@xpack-dev-tools/arm-none-eabi-gcc/12.3.1-1.1.1/.content/bin/../lib/gcc/arm-none-eabi/12.3.1/../../../../arm-none-eabi/lib/thumb/v7-m/nofp\libc_nano.a(libc_a-mlock.o)
                0x08002b54                __malloc_unlock
 .text.__ssputs_r
                0x08002b60       0xb6 c:/users/abhinav/appdata/roaming/code/user/globalstorage/bmd.stm32-for-vscode/@xpack-dev-tools/arm-none-eabi-gcc/12.3.1-1.1.1/.content/bin/../lib/gcc/arm-none-eabi/12.3.1/../../../../arm-none-eabi/lib/thumb/v7-m/nofp\libc_nano.a(libc_a-nano-svfprintf.o)
                0x08002b60                __ssputs_r
 *fill*         0x08002c16        0x2 
 .text._svfprintf_r
                0x08002c18      0x1f8 c:/users/abhinav/appdata/roaming/code/user/globalstorage/bmd.stm32-for-vscode/@xpack-dev-tools/arm-none-eabi-gcc/12.3.1-1.1.1/.content/bin/../lib/gcc/arm-none-eabi/12.3.1/../../../../arm-none-eabi/lib/thumb/v7-m/nofp\libc_nano.a(libc_a-nano-svfprintf.o)
                0x08002c18                _svfiprintf_r
                0x08002c18                _svfprintf_r
 .text._printf_common
                0x08002e10       0xe4 c:/users/abhinav/appdata/roaming/code/user/globalstorage/bmd.stm32-for-vscode/@xpack-dev-tools/arm-none-eabi-gcc/12.3.1-1.1.1/.content/bin/../lib/gcc/arm-none-eabi/12.3.1/../../../../arm-none-eabi/lib/thumb/v7-m/nofp\libc_nano.a(libc_a-nano-vfprintf_i.o)
                0x08002e10                _printf_common
 .text._printf_i
                0x08002ef4      0x258 c:/users/abhinav/appdata/roaming/code/user/globalstorage/bmd.stm32-for-vscode/@xpack-dev-tools/arm-none-eabi-gcc/12.3.1-1.1.1/.content/bin/../lib/gcc/arm-none-eabi/12.3.1/../../../../arm-none-eabi/lib/thumb/v7-m/nofp\libc_nano.a(libc_a-nano-vfprintf_i.o)
                0x08002ef4                _printf_i
 .text.memmove  0x0800314c       0x34 c:/users/abhinav/appdata/roaming/code/user/globalstorage/bmd.stm32-for-vscode/@xpack-dev-tools/arm-none-eabi-gcc/12.3.1-1.1.1/.content/bin/../lib/gcc/arm-none-eabi/12.3.1/../../../../arm-none-eabi/lib/thumb/v7-m/nofp\libc_nano.a(libc_a-memmove.o)
                0x0800314c                memmove
 .text._sbrk_r  0x08003180       0x20 c:/users/abhinav/appdata/roaming/code/user/globalstorage/bmd.stm32-for-vscode/@xpack-dev-tools/arm-none-eabi-gcc/12.3.1-1.1.1/.content/bin/../lib/gcc/arm-none-eabi/12.3.1/../../../../arm-none-eabi/lib/thumb/v7-m/nofp\libc_nano.a(libc_a-sbrkr.o)
                0x08003180                _sbrk_r
 .text.memchr   0x080031a0       0x1c c:/users/abhinav/appdata/roaming/code/user/globalstorage/bmd.stm32-for-vscode/@xpack-dev-tools/arm-none-eabi-gcc/12.3.1-1.1.1/.content/bin/../lib/gcc/arm-none-eabi/12.3.1/../../../../arm-none-eabi/lib/thumb/v7-m/nofp\libc_nano.a(libc_a-memchr-stub.o)
                0x080031a0                memchr
 .text._realloc_r
                0x080031bc       0x5c c:/users/abhinav/appdata/roaming/code/user/globalstorage/bmd.stm32-for-vscode/@xpack-dev-tools/arm-none-eabi-gcc/12.3.1-1.1.1/.content/bin/../lib/gcc/arm-none-eabi/12.3.1/../../../../arm-none-eabi/lib/thumb/v7-m/nofp\libc_nano.a(libc_a-reallocr.o)
                0x080031bc                _realloc_r
 .text._malloc_usable_size_r
                0x08003218       0x10 c:/users/abhinav/appdata/roaming/code/user/globalstorage/bmd.stm32-for-vscode/@xpack-dev-tools/arm-none-eabi-gcc/12.3.1-1.1.1/.content/bin/../lib/gcc/arm-none-eabi/12.3.1/../../../../arm-none-eabi/lib/thumb/v7-m/nofp\libc_nano.a(libc_a-msizer.o)
                0x08003218                _malloc_usable_size_r
 .text._sbrk    0x08003228       0x1c c:/users/abhinav/appdata/roaming/code/user/globalstorage/bmd.stm32-for-vscode/@xpack-dev-tools/arm-none-eabi-gcc/12.3.1-1.1.1/.content/bin/../lib/gcc/arm-none-eabi/12.3.1/../../../../arm-none-eabi/lib/thumb/v7-m/nofp\libnosys.a(sbrk.o)
                0x08003228                _sbrk
 *(.glue_7)
 .glue_7        0x08003244        0x0 linker stubs
 *(.glue_7t)
 .glue_7t       0x08003244        0x0 linker stubs
 *(.eh_frame)
 .eh_frame      0x08003244        0x0 c:/users/abhinav/appdata/roaming/code/user/globalstorage/bmd.stm32-for-vscode/@xpack-dev-tools/arm-none-eabi-gcc/12.3.1-1.1.1/.content/bin/../lib/gcc/arm-none-eabi/12.3.1/thumb/v7-m/nofp/crtbegin.o
 *(.init)
 .init          0x08003244        0x4 c:/users/abhinav/appdata/roaming/code/user/globalstorage/bmd.stm32-for-vscode/@xpack-dev-tools/arm-none-eabi-gcc/12.3.1-1.1.1/.content/bin/../lib/gcc/arm-none-eabi/12.3.1/thumb/v7-m/nofp/crti.o
                0x08003244                _init
 .init          0x08003248        0x8 c:/users/abhinav/appdata/roaming/code/user/globalstorage/bmd.stm32-for-vscode/@xpack-dev-tools/arm-none-eabi-gcc/12.3.1-1.1.1/.content/bin/../lib/gcc/arm-none-eabi/12.3.1/thumb/v7-m/nofp/crtn.o
 *(.fini)
 .fini          0x08003250        0x4 c:/users/abhinav/appdata/roaming/code/user/globalstorage/bmd.stm32-for-vscode/@xpack-dev-tools/arm-none-eabi-gcc/12.3.1-1.1.1/.content/bin/../lib/gcc/arm-none-eabi/12.3.1/thumb/v7-m/nofp/crti.o
                0x08003250                _fini
 .fini          0x08003254        0x8 c:/users/abhinav/appdata/roaming/code/user/globalstorage/bmd.stm32-for-vscode/@xpack-dev-tools/arm-none-eabi-gcc/12.3.1-1.1.1/.content/bin/../lib/gcc/arm-none-eabi/12.3.1/thumb/v7-m/nofp/crtn.o
                0x0800325c                        . = ALIGN (0x4)
                0x0800325c                        _etext = .

.vfp11_veneer   0x0800325c        0x0
 .vfp11_veneer  0x0800325c        0x0 linker stubs

.v4_bx          0x0800325c        0x0
 .v4_bx         0x0800325c        0x0 linker stubs

.iplt           0x0800325c        0x0
 .iplt          0x0800325c        0x0 c:/users/abhinav/appdata/roaming/code/user/globalstorage/bmd.stm32-for-vscode/@xpack-dev-tools/arm-none-eabi-gcc/12.3.1-1.1.1/.content/bin/../lib/gcc/arm-none-eabi/12.3.1/thumb/v7-m/nofp/crtbegin.o

.rodata         0x0800325c      0x110
                0x0800325c                        . = ALIGN (0x4)
 *(.rodata)
 *(.rodata*)
 .rodata.aPredivFactorTable.0
                0x0800325c        0x2 build/stm32f1xx_hal_rcc.o
 *fill*         0x0800325e        0x2 
 .rodata.aPLLMULFactorTable.1
                0x08003260       0x10 build/stm32f1xx_hal_rcc.o
 .rodata.lcd_task.str1.4
                0x08003270        0x6 build/main.o
 *fill*         0x08003276        0x2 
 .rodata.update_score.str1.4
                0x08003278        0x3 build/main.o
 *fill*         0x0800327b        0x1 
 .rodata.str1.4
                0x0800327c       0x30 build/main.o
 .rodata.SPI_MUTEX_attributes
                0x080032ac       0x10 build/main.o
                0x080032ac                SPI_MUTEX_attributes
 .rodata.button_task_handle_attributes
                0x080032bc       0x24 build/main.o
                0x080032bc                button_task_handle_attributes
 .rodata.lcd_task_handle_attributes
                0x080032e0       0x24 build/main.o
                0x080032e0                lcd_task_handle_attributes
 .rodata.defaultTask_attributes
                0x08003304       0x24 build/main.o
                0x08003304                defaultTask_attributes
 .rodata.AHBPrescTable
                0x08003328       0x10 build/system_stm32f1xx.o
                0x08003328                AHBPrescTable
 .rodata._svfprintf_r.str1.1
                0x08003338       0x11 c:/users/abhinav/appdata/roaming/code/user/globalstorage/bmd.stm32-for-vscode/@xpack-dev-tools/arm-none-eabi-gcc/12.3.1-1.1.1/.content/bin/../lib/gcc/arm-none-eabi/12.3.1/../../../../arm-none-eabi/lib/thumb/v7-m/nofp\libc_nano.a(libc_a-nano-svfprintf.o)
 .rodata._printf_i.str1.1
                0x08003349       0x22 c:/users/abhinav/appdata/roaming/code/user/globalstorage/bmd.stm32-for-vscode/@xpack-dev-tools/arm-none-eabi-gcc/12.3.1-1.1.1/.content/bin/../lib/gcc/arm-none-eabi/12.3.1/../../../../arm-none-eabi/lib/thumb/v7-m/nofp\libc_nano.a(libc_a-nano-vfprintf_i.o)
                0x0800336c                        . = ALIGN (0x4)
 *fill*         0x0800336b        0x1 

.rel.dyn        0x0800336c        0x0
 .rel.iplt      0x0800336c        0x0 c:/users/abhinav/appdata/roaming/code/user/globalstorage/bmd.stm32-for-vscode/@xpack-dev-tools/arm-none-eabi-gcc/12.3.1-1.1.1/.content/bin/../lib/gcc/arm-none-eabi/12.3.1/thumb/v7-m/nofp/crtbegin.o

.ARM.extab
 *(.ARM.extab* .gnu.linkonce.armextab.*)

.ARM            0x0800336c        0x0
                0x0800336c                        __exidx_start = .
 *(.ARM.exidx*)
                0x0800336c                        __exidx_end = .

.preinit_array  0x0800336c        0x0
                0x0800336c                        PROVIDE (__preinit_array_start = .)
 *(.preinit_array*)
                0x0800336c                        PROVIDE (__preinit_array_end = .)

.init_array     0x0800336c        0x4
                0x0800336c                        PROVIDE (__init_array_start = .)
 *(SORT_BY_NAME(.init_array.*))
 *(.init_array*)
 .init_array    0x0800336c        0x4 c:/users/abhinav/appdata/roaming/code/user/globalstorage/bmd.stm32-for-vscode/@xpack-dev-tools/arm-none-eabi-gcc/12.3.1-1.1.1/.content/bin/../lib/gcc/arm-none-eabi/12.3.1/thumb/v7-m/nofp/crtbegin.o
                0x08003370                        PROVIDE (__init_array_end = .)

.fini_array     0x08003370        0x4
                0x08003370                        PROVIDE (__fini_array_start = .)
 *(SORT_BY_NAME(.fini_array.*))
 *(.fini_array*)
 .fini_array    0x08003370        0x4 c:/users/abhinav/appdata/roaming/code/user/globalstorage/bmd.stm32-for-vscode/@xpack-dev-tools/arm-none-eabi-gcc/12.3.1-1.1.1/.content/bin/../lib/gcc/arm-none-eabi/12.3.1/thumb/v7-m/nofp/crtbegin.o
                0x08003374                        PROVIDE (__fini_array_end = .)
                0x08003374                        _sidata = LOADADDR (.data)

.data           0x20000000      0x270 load address 0x08003374
                0x20000000                        . = ALIGN (0x4)
                0x20000000                        _sdata = .
 *(.data)
 *(.data*)
 .data.uwTickFreq
                0x20000000        0x1 build/stm32f1xx_hal.o
                0x20000000                uwTickFreq
 *fill*         0x20000001        0x3 
 .data.uwTickPrio
                0x20000004        0x4 build/stm32f1xx_hal.o
                0x20000004                uwTickPrio
 .data.uxCriticalNesting
                0x20000008        0x4 build/port.o
 .data.n        0x2000000c       0x1c build/main.o
                0x2000000c                n
 .data.font     0x20000028      0x1f4 build/nokia.o
                0x20000028                font
 .data.SystemCoreClock
                0x2000021c        0x4 build/system_stm32f1xx.o
                0x2000021c                SystemCoreClock
 .data._impure_ptr
                0x20000220        0x4 c:/users/abhinav/appdata/roaming/code/user/globalstorage/bmd.stm32-for-vscode/@xpack-dev-tools/arm-none-eabi-gcc/12.3.1-1.1.1/.content/bin/../lib/gcc/arm-none-eabi/12.3.1/../../../../arm-none-eabi/lib/thumb/v7-m/nofp\libc_nano.a(libc_a-impure.o)
                0x20000220                _impure_ptr
 .data._impure_data
                0x20000224       0x4c c:/users/abhinav/appdata/roaming/code/user/globalstorage/bmd.stm32-for-vscode/@xpack-dev-tools/arm-none-eabi-gcc/12.3.1-1.1.1/.content/bin/../lib/gcc/arm-none-eabi/12.3.1/../../../../arm-none-eabi/lib/thumb/v7-m/nofp\libc_nano.a(libc_a-impure.o)
                0x20000224                _impure_data
                0x20000270                        . = ALIGN (0x4)
                0x20000270                        _edata = .

.igot.plt       0x20000270        0x0 load address 0x080035e4
 .igot.plt      0x20000270        0x0 c:/users/abhinav/appdata/roaming/code/user/globalstorage/bmd.stm32-for-vscode/@xpack-dev-tools/arm-none-eabi-gcc/12.3.1-1.1.1/.content/bin/../lib/gcc/arm-none-eabi/12.3.1/thumb/v7-m/nofp/crtbegin.o
                0x20000270                        . = ALIGN (0x4)

.bss            0x20000270     0x1384 load address 0x080035e4
                0x20000270                        _sbss = .
                0x20000270                        __bss_start__ = _sbss
 *(.bss)
 *(.bss*)
 .bss.completed.1
                0x20000270        0x1 c:/users/abhinav/appdata/roaming/code/user/globalstorage/bmd.stm32-for-vscode/@xpack-dev-tools/arm-none-eabi-gcc/12.3.1-1.1.1/.content/bin/../lib/gcc/arm-none-eabi/12.3.1/thumb/v7-m/nofp/crtbegin.o
 *fill*         0x20000271        0x3 
 .bss.object.0  0x20000274       0x18 c:/users/abhinav/appdata/roaming/code/user/globalstorage/bmd.stm32-for-vscode/@xpack-dev-tools/arm-none-eabi-gcc/12.3.1-1.1.1/.content/bin/../lib/gcc/arm-none-eabi/12.3.1/thumb/v7-m/nofp/crtbegin.o
 .bss.uwTick    0x2000028c        0x4 build/stm32f1xx_hal.o
                0x2000028c                uwTick
 .bss.KernelState
                0x20000290        0x4 build/cmsis_os2.o
 .bss.xBlockAllocatedBit
                0x20000294        0x4 build/heap_4.o
 .bss.xMinimumEverFreeBytesRemaining
                0x20000298        0x4 build/heap_4.o
 .bss.xFreeBytesRemaining
                0x2000029c        0x4 build/heap_4.o
 .bss.pxEnd     0x200002a0        0x4 build/heap_4.o
 .bss.xStart    0x200002a4        0x8 build/heap_4.o
 .bss.ucHeap    0x200002ac      0xc00 build/heap_4.o
 .bss.xQueueRegistry
                0x20000eac       0x40 build/queue.o
                0x20000eac                xQueueRegistry
 .bss.uxSchedulerSuspended
                0x20000eec        0x4 build/tasks.o
 .bss.xNextTaskUnblockTime
                0x20000ef0        0x4 build/tasks.o
 .bss.uxTaskNumber
                0x20000ef4        0x4 build/tasks.o
 .bss.xNumOfOverflows
                0x20000ef8        0x4 build/tasks.o
 .bss.xYieldPending
                0x20000efc        0x4 build/tasks.o
 .bss.uxPendedTicks
                0x20000f00        0x4 build/tasks.o
 .bss.xSchedulerRunning
                0x20000f04        0x4 build/tasks.o
 .bss.uxTopReadyPriority
                0x20000f08        0x4 build/tasks.o
 .bss.xTickCount
                0x20000f0c        0x4 build/tasks.o
 .bss.uxCurrentNumberOfTasks
                0x20000f10        0x4 build/tasks.o
 .bss.xSuspendedTaskList
                0x20000f14       0x14 build/tasks.o
 .bss.xTasksWaitingTermination
                0x20000f28       0x14 build/tasks.o
 .bss.xPendingReadyList
                0x20000f3c       0x14 build/tasks.o
 .bss.pxOverflowDelayedTaskList
                0x20000f50        0x4 build/tasks.o
 .bss.pxDelayedTaskList
                0x20000f54        0x4 build/tasks.o
 .bss.xDelayedTaskList2
                0x20000f58       0x14 build/tasks.o
 .bss.xDelayedTaskList1
                0x20000f6c       0x14 build/tasks.o
 .bss.pxReadyTasksLists
                0x20000f80      0x460 build/tasks.o
 .bss.pxCurrentTCB
                0x200013e0        0x4 build/tasks.o
                0x200013e0                pxCurrentTCB
 .bss.score     0x200013e4        0x4 build/main.o
                0x200013e4                score
 .bss.y_index   0x200013e8        0x4 build/main.o
                0x200013e8                y_index
 .bss.x_index   0x200013ec        0x4 build/main.o
                0x200013ec                x_index
 .bss.SPI_MUTEXControlBlock
                0x200013f0       0x50 build/main.o
                0x200013f0                SPI_MUTEXControlBlock
 .bss.SPI_MUTEXHandle
                0x20001440        0x4 build/main.o
                0x20001440                SPI_MUTEXHandle
 .bss.button_task_handle
                0x20001444        0x4 build/main.o
                0x20001444                button_task_handle
 .bss.lcd_task_handle
                0x20001448        0x4 build/main.o
                0x20001448                lcd_task_handle
 .bss.defaultTaskHandle
                0x2000144c        0x4 build/main.o
                0x2000144c                defaultTaskHandle
 .bss.hspi1     0x20001450       0x58 build/main.o
                0x20001450                hspi1
 .bss.__sf      0x200014a8      0x138 c:/users/abhinav/appdata/roaming/code/user/globalstorage/bmd.stm32-for-vscode/@xpack-dev-tools/arm-none-eabi-gcc/12.3.1-1.1.1/.content/bin/../lib/gcc/arm-none-eabi/12.3.1/../../../../arm-none-eabi/lib/thumb/v7-m/nofp\libc_nano.a(libc_a-findfp.o)
                0x200014a8                __sf
 .bss.errno     0x200015e0        0x4 c:/users/abhinav/appdata/roaming/code/user/globalstorage/bmd.stm32-for-vscode/@xpack-dev-tools/arm-none-eabi-gcc/12.3.1-1.1.1/.content/bin/../lib/gcc/arm-none-eabi/12.3.1/../../../../arm-none-eabi/lib/thumb/v7-m/nofp\libc_nano.a(libc_a-reent.o)
                0x200015e0                errno
 .bss.__lock___malloc_recursive_mutex
                0x200015e4        0x1 c:/users/abhinav/appdata/roaming/code/user/globalstorage/bmd.stm32-for-vscode/@xpack-dev-tools/arm-none-eabi-gcc/12.3.1-1.1.1/.content/bin/../lib/gcc/arm-none-eabi/12.3.1/../../../../arm-none-eabi/lib/thumb/v7-m/nofp\libc_nano.a(libc_a-lock.o)
                0x200015e4                __lock___malloc_recursive_mutex
 *fill*         0x200015e5        0x3 
 .bss.__malloc_sbrk_start
                0x200015e8        0x4 c:/users/abhinav/appdata/roaming/code/user/globalstorage/bmd.stm32-for-vscode/@xpack-dev-tools/arm-none-eabi-gcc/12.3.1-1.1.1/.content/bin/../lib/gcc/arm-none-eabi/12.3.1/../../../../arm-none-eabi/lib/thumb/v7-m/nofp\libc_nano.a(libc_a-mallocr.o)
                0x200015e8                __malloc_sbrk_start
 .bss.__malloc_free_list
                0x200015ec        0x4 c:/users/abhinav/appdata/roaming/code/user/globalstorage/bmd.stm32-for-vscode/@xpack-dev-tools/arm-none-eabi-gcc/12.3.1-1.1.1/.content/bin/../lib/gcc/arm-none-eabi/12.3.1/../../../../arm-none-eabi/lib/thumb/v7-m/nofp\libc_nano.a(libc_a-mallocr.o)
                0x200015ec                __malloc_free_list
 .bss.heap_end.0
                0x200015f0        0x4 c:/users/abhinav/appdata/roaming/code/user/globalstorage/bmd.stm32-for-vscode/@xpack-dev-tools/arm-none-eabi-gcc/12.3.1-1.1.1/.content/bin/../lib/gcc/arm-none-eabi/12.3.1/../../../../arm-none-eabi/lib/thumb/v7-m/nofp\libnosys.a(sbrk.o)
 *(COMMON)
                0x200015f4                        . = ALIGN (0x4)
                0x200015f4                        _ebss = .
                0x200015f4                        __bss_end__ = _ebss

._user_heap_stack
                0x200015f4      0x604 load address 0x080035e4
                0x200015f8                        . = ALIGN (0x8)
 *fill*         0x200015f4        0x4 
                0x200015f8                        PROVIDE (end = .)
                [!provide]                        PROVIDE (_end = .)
                0x200017f8                        . = (. + _Min_Heap_Size)
 *fill*         0x200015f8      0x200 
                0x20001bf8                        . = (. + _Min_Stack_Size)
 *fill*         0x200017f8      0x400 
                0x20001bf8                        . = ALIGN (0x8)

/DISCARD/
 libc.a(*)
 libm.a(*)
 libgcc.a(*)

.ARM.attributes
                0x00000000       0x29
 *(.ARM.attributes)
 .ARM.attributes
                0x00000000       0x1d c:/users/abhinav/appdata/roaming/code/user/globalstorage/bmd.stm32-for-vscode/@xpack-dev-tools/arm-none-eabi-gcc/12.3.1-1.1.1/.content/bin/../lib/gcc/arm-none-eabi/12.3.1/thumb/v7-m/nofp/crti.o
 .ARM.attributes
                0x0000001d       0x2d c:/users/abhinav/appdata/roaming/code/user/globalstorage/bmd.stm32-for-vscode/@xpack-dev-tools/arm-none-eabi-gcc/12.3.1-1.1.1/.content/bin/../lib/gcc/arm-none-eabi/12.3.1/thumb/v7-m/nofp/crtbegin.o
 .ARM.attributes
                0x0000004a       0x2d build/stm32f1xx_hal.o
 .ARM.attributes
                0x00000077       0x2d build/stm32f1xx_hal_cortex.o
 .ARM.attributes
                0x000000a4       0x2d build/stm32f1xx_hal_gpio.o
 .ARM.attributes
                0x000000d1       0x2d build/stm32f1xx_hal_rcc.o
 .ARM.attributes
                0x000000fe       0x2d build/stm32f1xx_hal_spi.o
 .ARM.attributes
                0x0000012b       0x2d build/cmsis_os2.o
 .ARM.attributes
                0x00000158       0x2d build/list.o
 .ARM.attributes
                0x00000185       0x2d build/port.o
 .ARM.attributes
                0x000001b2       0x2d build/heap_4.o
 .ARM.attributes
                0x000001df       0x2d build/queue.o
 .ARM.attributes
                0x0000020c       0x2d build/tasks.o
 .ARM.attributes
                0x00000239       0x2d build/main.o
 .ARM.attributes
                0x00000266       0x2d build/nokia.o
 .ARM.attributes
                0x00000293       0x2d build/stm32f1xx_hal_msp.o
 .ARM.attributes
                0x000002c0       0x2d build/stm32f1xx_it.o
 .ARM.attributes
                0x000002ed       0x2d build/system_stm32f1xx.o
 .ARM.attributes
                0x0000031a       0x21 build/startup_stm32f103xb.o
 .ARM.attributes
                0x0000033b       0x2d c:/users/abhinav/appdata/roaming/code/user/globalstorage/bmd.stm32-for-vscode/@xpack-dev-tools/arm-none-eabi-gcc/12.3.1-1.1.1/.content/bin/../lib/gcc/arm-none-eabi/12.3.1/../../../../arm-none-eabi/lib/thumb/v7-m/nofp\libc_nano.a(libc_a-findfp.o)
 .ARM.attributes
                0x00000368       0x2d c:/users/abhinav/appdata/roaming/code/user/globalstorage/bmd.stm32-for-vscode/@xpack-dev-tools/arm-none-eabi-gcc/12.3.1-1.1.1/.content/bin/../lib/gcc/arm-none-eabi/12.3.1/../../../../arm-none-eabi/lib/thumb/v7-m/nofp\libc_nano.a(libc_a-sprintf.o)
 .ARM.attributes
                0x00000395       0x2d c:/users/abhinav/appdata/roaming/code/user/globalstorage/bmd.stm32-for-vscode/@xpack-dev-tools/arm-none-eabi-gcc/12.3.1-1.1.1/.content/bin/../lib/gcc/arm-none-eabi/12.3.1/../../../../arm-none-eabi/lib/thumb/v7-m/nofp\libc_nano.a(libc_a-memset.o)
 .ARM.attributes
                0x000003c2       0x2d c:/users/abhinav/appdata/roaming/code/user/globalstorage/bmd.stm32-for-vscode/@xpack-dev-tools/arm-none-eabi-gcc/12.3.1-1.1.1/.content/bin/../lib/gcc/arm-none-eabi/12.3.1/../../../../arm-none-eabi/lib/thumb/v7-m/nofp\libc_nano.a(libc_a-reent.o)
 .ARM.attributes
                0x000003ef       0x2d c:/users/abhinav/appdata/roaming/code/user/globalstorage/bmd.stm32-for-vscode/@xpack-dev-tools/arm-none-eabi-gcc/12.3.1-1.1.1/.content/bin/../lib/gcc/arm-none-eabi/12.3.1/../../../../arm-none-eabi/lib/thumb/v7-m/nofp\libc_nano.a(libc_a-impure.o)
 .ARM.attributes
                0x0000041c       0x2d c:/users/abhinav/appdata/roaming/code/user/globalstorage/bmd.stm32-for-vscode/@xpack-dev-tools/arm-none-eabi-gcc/12.3.1-1.1.1/.content/bin/../lib/gcc/arm-none-eabi/12.3.1/../../../../arm-none-eabi/lib/thumb/v7-m/nofp\libc_nano.a(libc_a-init.o)
 .ARM.attributes
                0x00000449       0x2d c:/users/abhinav/appdata/roaming/code/user/globalstorage/bmd.stm32-for-vscode/@xpack-dev-tools/arm-none-eabi-gcc/12.3.1-1.1.1/.content/bin/../lib/gcc/arm-none-eabi/12.3.1/../../../../arm-none-eabi/lib/thumb/v7-m/nofp\libc_nano.a(libc_a-lock.o)
 .ARM.attributes
                0x00000476       0x2d c:/users/abhinav/appdata/roaming/code/user/globalstorage/bmd.stm32-for-vscode/@xpack-dev-tools/arm-none-eabi-gcc/12.3.1-1.1.1/.content/bin/../lib/gcc/arm-none-eabi/12.3.1/../../../../arm-none-eabi/lib/thumb/v7-m/nofp\libc_nano.a(libc_a-memcpy-stub.o)
 .ARM.attributes
                0x000004a3       0x2d c:/users/abhinav/appdata/roaming/code/user/globalstorage/bmd.stm32-for-vscode/@xpack-dev-tools/arm-none-eabi-gcc/12.3.1-1.1.1/.content/bin/../lib/gcc/arm-none-eabi/12.3.1/../../../../arm-none-eabi/lib/thumb/v7-m/nofp\libc_nano.a(libc_a-freer.o)
 .ARM.attributes
                0x000004d0       0x2d c:/users/abhinav/appdata/roaming/code/user/globalstorage/bmd.stm32-for-vscode/@xpack-dev-tools/arm-none-eabi-gcc/12.3.1-1.1.1/.content/bin/../lib/gcc/arm-none-eabi/12.3.1/../../../../arm-none-eabi/lib/thumb/v7-m/nofp\libc_nano.a(libc_a-mallocr.o)
 .ARM.attributes
                0x000004fd       0x2d c:/users/abhinav/appdata/roaming/code/user/globalstorage/bmd.stm32-for-vscode/@xpack-dev-tools/arm-none-eabi-gcc/12.3.1-1.1.1/.content/bin/../lib/gcc/arm-none-eabi/12.3.1/../../../../arm-none-eabi/lib/thumb/v7-m/nofp\libc_nano.a(libc_a-mlock.o)
 .ARM.attributes
                0x0000052a       0x2d c:/users/abhinav/appdata/roaming/code/user/globalstorage/bmd.stm32-for-vscode/@xpack-dev-tools/arm-none-eabi-gcc/12.3.1-1.1.1/.content/bin/../lib/gcc/arm-none-eabi/12.3.1/../../../../arm-none-eabi/lib/thumb/v7-m/nofp\libc_nano.a(libc_a-nano-svfprintf.o)
 .ARM.attributes
                0x00000557       0x2d c:/users/abhinav/appdata/roaming/code/user/globalstorage/bmd.stm32-for-vscode/@xpack-dev-tools/arm-none-eabi-gcc/12.3.1-1.1.1/.content/bin/../lib/gcc/arm-none-eabi/12.3.1/../../../../arm-none-eabi/lib/thumb/v7-m/nofp\libc_nano.a(libc_a-nano-vfprintf_i.o)
 .ARM.attributes
                0x00000584       0x2d c:/users/abhinav/appdata/roaming/code/user/globalstorage/bmd.stm32-for-vscode/@xpack-dev-tools/arm-none-eabi-gcc/12.3.1-1.1.1/.content/bin/../lib/gcc/arm-none-eabi/12.3.1/../../../../arm-none-eabi/lib/thumb/v7-m/nofp\libc_nano.a(libc_a-memmove.o)
 .ARM.attributes
                0x000005b1       0x2d c:/users/abhinav/appdata/roaming/code/user/globalstorage/bmd.stm32-for-vscode/@xpack-dev-tools/arm-none-eabi-gcc/12.3.1-1.1.1/.content/bin/../lib/gcc/arm-none-eabi/12.3.1/../../../../arm-none-eabi/lib/thumb/v7-m/nofp\libc_nano.a(libc_a-sbrkr.o)
 .ARM.attributes
                0x000005de       0x2d c:/users/abhinav/appdata/roaming/code/user/globalstorage/bmd.stm32-for-vscode/@xpack-dev-tools/arm-none-eabi-gcc/12.3.1-1.1.1/.content/bin/../lib/gcc/arm-none-eabi/12.3.1/../../../../arm-none-eabi/lib/thumb/v7-m/nofp\libc_nano.a(libc_a-memchr-stub.o)
 .ARM.attributes
                0x0000060b       0x2d c:/users/abhinav/appdata/roaming/code/user/globalstorage/bmd.stm32-for-vscode/@xpack-dev-tools/arm-none-eabi-gcc/12.3.1-1.1.1/.content/bin/../lib/gcc/arm-none-eabi/12.3.1/../../../../arm-none-eabi/lib/thumb/v7-m/nofp\libc_nano.a(libc_a-reallocr.o)
 .ARM.attributes
                0x00000638       0x2d c:/users/abhinav/appdata/roaming/code/user/globalstorage/bmd.stm32-for-vscode/@xpack-dev-tools/arm-none-eabi-gcc/12.3.1-1.1.1/.content/bin/../lib/gcc/arm-none-eabi/12.3.1/../../../../arm-none-eabi/lib/thumb/v7-m/nofp\libc_nano.a(libc_a-msizer.o)
 .ARM.attributes
                0x00000665       0x2d c:/users/abhinav/appdata/roaming/code/user/globalstorage/bmd.stm32-for-vscode/@xpack-dev-tools/arm-none-eabi-gcc/12.3.1-1.1.1/.content/bin/../lib/gcc/arm-none-eabi/12.3.1/../../../../arm-none-eabi/lib/thumb/v7-m/nofp\libnosys.a(sbrk.o)
 .ARM.attributes
                0x00000692       0x1d c:/users/abhinav/appdata/roaming/code/user/globalstorage/bmd.stm32-for-vscode/@xpack-dev-tools/arm-none-eabi-gcc/12.3.1-1.1.1/.content/bin/../lib/gcc/arm-none-eabi/12.3.1/thumb/v7-m/nofp/crtn.o
OUTPUT(build/F103_Nokia_LCD.elf elf32-littlearm)
LOAD linker stubs
LOAD c:/users/abhinav/appdata/roaming/code/user/globalstorage/bmd.stm32-for-vscode/@xpack-dev-tools/arm-none-eabi-gcc/12.3.1-1.1.1/.content/bin/../lib/gcc/arm-none-eabi/12.3.1/../../../../arm-none-eabi/lib/thumb/v7-m/nofp\libc.a
LOAD c:/users/abhinav/appdata/roaming/code/user/globalstorage/bmd.stm32-for-vscode/@xpack-dev-tools/arm-none-eabi-gcc/12.3.1-1.1.1/.content/bin/../lib/gcc/arm-none-eabi/12.3.1/../../../../arm-none-eabi/lib/thumb/v7-m/nofp\libm.a
LOAD c:/users/abhinav/appdata/roaming/code/user/globalstorage/bmd.stm32-for-vscode/@xpack-dev-tools/arm-none-eabi-gcc/12.3.1-1.1.1/.content/bin/../lib/gcc/arm-none-eabi/12.3.1/thumb/v7-m/nofp\libgcc.a

.comment        0x00000000       0x39
 .comment       0x00000000       0x39 c:/users/abhinav/appdata/roaming/code/user/globalstorage/bmd.stm32-for-vscode/@xpack-dev-tools/arm-none-eabi-gcc/12.3.1-1.1.1/.content/bin/../lib/gcc/arm-none-eabi/12.3.1/thumb/v7-m/nofp/crtbegin.o
                                 0x3a (size before relaxing)
 .comment       0x00000039       0x3a build/stm32f1xx_hal.o
 .comment       0x00000039       0x3a build/stm32f1xx_hal_cortex.o
 .comment       0x00000039       0x3a build/stm32f1xx_hal_gpio.o
 .comment       0x00000039       0x3a build/stm32f1xx_hal_rcc.o
 .comment       0x00000039       0x3a build/stm32f1xx_hal_spi.o
 .comment       0x00000039       0x3a build/cmsis_os2.o
 .comment       0x00000039       0x3a build/list.o
 .comment       0x00000039       0x3a build/port.o
 .comment       0x00000039       0x3a build/heap_4.o
 .comment       0x00000039       0x3a build/queue.o
 .comment       0x00000039       0x3a build/tasks.o
 .comment       0x00000039       0x3a build/main.o
 .comment       0x00000039       0x3a build/nokia.o
 .comment       0x00000039       0x3a build/stm32f1xx_hal_msp.o
 .comment       0x00000039       0x3a build/stm32f1xx_it.o
 .comment       0x00000039       0x3a build/system_stm32f1xx.o
 .comment       0x00000039       0x3a c:/users/abhinav/appdata/roaming/code/user/globalstorage/bmd.stm32-for-vscode/@xpack-dev-tools/arm-none-eabi-gcc/12.3.1-1.1.1/.content/bin/../lib/gcc/arm-none-eabi/12.3.1/../../../../arm-none-eabi/lib/thumb/v7-m/nofp\libc_nano.a(libc_a-findfp.o)
 .comment       0x00000039       0x3a c:/users/abhinav/appdata/roaming/code/user/globalstorage/bmd.stm32-for-vscode/@xpack-dev-tools/arm-none-eabi-gcc/12.3.1-1.1.1/.content/bin/../lib/gcc/arm-none-eabi/12.3.1/../../../../arm-none-eabi/lib/thumb/v7-m/nofp\libc_nano.a(libc_a-sprintf.o)
 .comment       0x00000039       0x3a c:/users/abhinav/appdata/roaming/code/user/globalstorage/bmd.stm32-for-vscode/@xpack-dev-tools/arm-none-eabi-gcc/12.3.1-1.1.1/.content/bin/../lib/gcc/arm-none-eabi/12.3.1/../../../../arm-none-eabi/lib/thumb/v7-m/nofp\libc_nano.a(libc_a-memset.o)
 .comment       0x00000039       0x3a c:/users/abhinav/appdata/roaming/code/user/globalstorage/bmd.stm32-for-vscode/@xpack-dev-tools/arm-none-eabi-gcc/12.3.1-1.1.1/.content/bin/../lib/gcc/arm-none-eabi/12.3.1/../../../../arm-none-eabi/lib/thumb/v7-m/nofp\libc_nano.a(libc_a-reent.o)
 .comment       0x00000039       0x3a c:/users/abhinav/appdata/roaming/code/user/globalstorage/bmd.stm32-for-vscode/@xpack-dev-tools/arm-none-eabi-gcc/12.3.1-1.1.1/.content/bin/../lib/gcc/arm-none-eabi/12.3.1/../../../../arm-none-eabi/lib/thumb/v7-m/nofp\libc_nano.a(libc_a-impure.o)
 .comment       0x00000039       0x3a c:/users/abhinav/appdata/roaming/code/user/globalstorage/bmd.stm32-for-vscode/@xpack-dev-tools/arm-none-eabi-gcc/12.3.1-1.1.1/.content/bin/../lib/gcc/arm-none-eabi/12.3.1/../../../../arm-none-eabi/lib/thumb/v7-m/nofp\libc_nano.a(libc_a-init.o)
 .comment       0x00000039       0x3a c:/users/abhinav/appdata/roaming/code/user/globalstorage/bmd.stm32-for-vscode/@xpack-dev-tools/arm-none-eabi-gcc/12.3.1-1.1.1/.content/bin/../lib/gcc/arm-none-eabi/12.3.1/../../../../arm-none-eabi/lib/thumb/v7-m/nofp\libc_nano.a(libc_a-lock.o)
 .comment       0x00000039       0x3a c:/users/abhinav/appdata/roaming/code/user/globalstorage/bmd.stm32-for-vscode/@xpack-dev-tools/arm-none-eabi-gcc/12.3.1-1.1.1/.content/bin/../lib/gcc/arm-none-eabi/12.3.1/../../../../arm-none-eabi/lib/thumb/v7-m/nofp\libc_nano.a(libc_a-memcpy-stub.o)
 .comment       0x00000039       0x3a c:/users/abhinav/appdata/roaming/code/user/globalstorage/bmd.stm32-for-vscode/@xpack-dev-tools/arm-none-eabi-gcc/12.3.1-1.1.1/.content/bin/../lib/gcc/arm-none-eabi/12.3.1/../../../../arm-none-eabi/lib/thumb/v7-m/nofp\libc_nano.a(libc_a-freer.o)
 .comment       0x00000039       0x3a c:/users/abhinav/appdata/roaming/code/user/globalstorage/bmd.stm32-for-vscode/@xpack-dev-tools/arm-none-eabi-gcc/12.3.1-1.1.1/.content/bin/../lib/gcc/arm-none-eabi/12.3.1/../../../../arm-none-eabi/lib/thumb/v7-m/nofp\libc_nano.a(libc_a-mallocr.o)
 .comment       0x00000039       0x3a c:/users/abhinav/appdata/roaming/code/user/globalstorage/bmd.stm32-for-vscode/@xpack-dev-tools/arm-none-eabi-gcc/12.3.1-1.1.1/.content/bin/../lib/gcc/arm-none-eabi/12.3.1/../../../../arm-none-eabi/lib/thumb/v7-m/nofp\libc_nano.a(libc_a-mlock.o)
 .comment       0x00000039       0x3a c:/users/abhinav/appdata/roaming/code/user/globalstorage/bmd.stm32-for-vscode/@xpack-dev-tools/arm-none-eabi-gcc/12.3.1-1.1.1/.content/bin/../lib/gcc/arm-none-eabi/12.3.1/../../../../arm-none-eabi/lib/thumb/v7-m/nofp\libc_nano.a(libc_a-nano-svfprintf.o)
 .comment       0x00000039       0x3a c:/users/abhinav/appdata/roaming/code/user/globalstorage/bmd.stm32-for-vscode/@xpack-dev-tools/arm-none-eabi-gcc/12.3.1-1.1.1/.content/bin/../lib/gcc/arm-none-eabi/12.3.1/../../../../arm-none-eabi/lib/thumb/v7-m/nofp\libc_nano.a(libc_a-nano-vfprintf_i.o)
 .comment       0x00000039       0x3a c:/users/abhinav/appdata/roaming/code/user/globalstorage/bmd.stm32-for-vscode/@xpack-dev-tools/arm-none-eabi-gcc/12.3.1-1.1.1/.content/bin/../lib/gcc/arm-none-eabi/12.3.1/../../../../arm-none-eabi/lib/thumb/v7-m/nofp\libc_nano.a(libc_a-memmove.o)
 .comment       0x00000039       0x3a c:/users/abhinav/appdata/roaming/code/user/globalstorage/bmd.stm32-for-vscode/@xpack-dev-tools/arm-none-eabi-gcc/12.3.1-1.1.1/.content/bin/../lib/gcc/arm-none-eabi/12.3.1/../../../../arm-none-eabi/lib/thumb/v7-m/nofp\libc_nano.a(libc_a-sbrkr.o)
 .comment       0x00000039       0x3a c:/users/abhinav/appdata/roaming/code/user/globalstorage/bmd.stm32-for-vscode/@xpack-dev-tools/arm-none-eabi-gcc/12.3.1-1.1.1/.content/bin/../lib/gcc/arm-none-eabi/12.3.1/../../../../arm-none-eabi/lib/thumb/v7-m/nofp\libc_nano.a(libc_a-memchr-stub.o)
 .comment       0x00000039       0x3a c:/users/abhinav/appdata/roaming/code/user/globalstorage/bmd.stm32-for-vscode/@xpack-dev-tools/arm-none-eabi-gcc/12.3.1-1.1.1/.content/bin/../lib/gcc/arm-none-eabi/12.3.1/../../../../arm-none-eabi/lib/thumb/v7-m/nofp\libc_nano.a(libc_a-reallocr.o)
 .comment       0x00000039       0x3a c:/users/abhinav/appdata/roaming/code/user/globalstorage/bmd.stm32-for-vscode/@xpack-dev-tools/arm-none-eabi-gcc/12.3.1-1.1.1/.content/bin/../lib/gcc/arm-none-eabi/12.3.1/../../../../arm-none-eabi/lib/thumb/v7-m/nofp\libc_nano.a(libc_a-msizer.o)
 .comment       0x00000039       0x3a c:/users/abhinav/appdata/roaming/code/user/globalstorage/bmd.stm32-for-vscode/@xpack-dev-tools/arm-none-eabi-gcc/12.3.1-1.1.1/.content/bin/../lib/gcc/arm-none-eabi/12.3.1/../../../../arm-none-eabi/lib/thumb/v7-m/nofp\libnosys.a(sbrk.o)

.debug_info     0x00000000    0x12133
 .debug_info    0x00000000      0x7a2 build/stm32f1xx_hal.o
 .debug_info    0x000007a2      0xcad build/stm32f1xx_hal_cortex.o
 .debug_info    0x0000144f      0x604 build/stm32f1xx_hal_gpio.o
 .debug_info    0x00001a53      0x9c7 build/stm32f1xx_hal_rcc.o
 .debug_info    0x0000241a     0x1c58 build/stm32f1xx_hal_spi.o
 .debug_info    0x00004072     0x4d6a build/cmsis_os2.o
 .debug_info    0x00008ddc      0x2ba build/list.o
 .debug_info    0x00009096      0x505 build/port.o
 .debug_info    0x0000959b      0x444 build/heap_4.o
 .debug_info    0x000099df     0x269a build/queue.o
 .debug_info    0x0000c079     0x2efb build/tasks.o
 .debug_info    0x0000ef74     0x193c build/main.o
 .debug_info    0x000108b0      0xaf2 build/nokia.o
 .debug_info    0x000113a2      0x9fd build/stm32f1xx_hal_msp.o
 .debug_info    0x00011d9f      0x137 build/stm32f1xx_it.o
 .debug_info    0x00011ed6      0x22d build/system_stm32f1xx.o
 .debug_info    0x00012103       0x30 build/startup_stm32f103xb.o

.debug_abbrev   0x00000000     0x288c
 .debug_abbrev  0x00000000      0x22d build/stm32f1xx_hal.o
 .debug_abbrev  0x0000022d      0x36d build/stm32f1xx_hal_cortex.o
 .debug_abbrev  0x0000059a      0x1f7 build/stm32f1xx_hal_gpio.o
 .debug_abbrev  0x00000791      0x2a0 build/stm32f1xx_hal_rcc.o
 .debug_abbrev  0x00000a31      0x27c build/stm32f1xx_hal_spi.o
 .debug_abbrev  0x00000cad      0x49f build/cmsis_os2.o
 .debug_abbrev  0x0000114c      0x10a build/list.o
 .debug_abbrev  0x00001256      0x2a4 build/port.o
 .debug_abbrev  0x000014fa      0x24b build/heap_4.o
 .debug_abbrev  0x00001745      0x40c build/queue.o
 .debug_abbrev  0x00001b51      0x393 build/tasks.o
 .debug_abbrev  0x00001ee4      0x393 build/main.o
 .debug_abbrev  0x00002277      0x210 build/nokia.o
 .debug_abbrev  0x00002487      0x1eb build/stm32f1xx_hal_msp.o
 .debug_abbrev  0x00002672       0xb3 build/stm32f1xx_it.o
 .debug_abbrev  0x00002725      0x143 build/system_stm32f1xx.o
 .debug_abbrev  0x00002868       0x24 build/startup_stm32f103xb.o

.debug_loclists
                0x00000000     0x7e8e
 .debug_loclists
                0x00000000       0xc9 build/stm32f1xx_hal.o
 .debug_loclists
                0x000000c9      0x422 build/stm32f1xx_hal_cortex.o
 .debug_loclists
                0x000004eb      0x2e8 build/stm32f1xx_hal_gpio.o
 .debug_loclists
                0x000007d3      0x3f8 build/stm32f1xx_hal_rcc.o
 .debug_loclists
                0x00000bcb     0x13eb build/stm32f1xx_hal_spi.o
 .debug_loclists
                0x00001fb6     0x34cf build/cmsis_os2.o
 .debug_loclists
                0x00005485       0x6f build/list.o
 .debug_loclists
                0x000054f4       0x92 build/port.o
 .debug_loclists
                0x00005586      0x213 build/heap_4.o
 .debug_loclists
                0x00005799      0xf1a build/queue.o
 .debug_loclists
                0x000066b3     0x14d5 build/tasks.o
 .debug_loclists
                0x00007b88       0x87 build/main.o
 .debug_loclists
                0x00007c0f      0x173 build/nokia.o
 .debug_loclists
                0x00007d82       0x67 build/stm32f1xx_hal_msp.o
 .debug_loclists
                0x00007de9       0xa5 build/system_stm32f1xx.o

.debug_aranges  0x00000000      0xc88
 .debug_aranges
                0x00000000       0xe0 build/stm32f1xx_hal.o
 .debug_aranges
                0x000000e0       0xc0 build/stm32f1xx_hal_cortex.o
 .debug_aranges
                0x000001a0       0x58 build/stm32f1xx_hal_gpio.o
 .debug_aranges
                0x000001f8       0x90 build/stm32f1xx_hal_rcc.o
 .debug_aranges
                0x00000288      0x1d0 build/stm32f1xx_hal_spi.o
 .debug_aranges
                0x00000458      0x228 build/cmsis_os2.o
 .debug_aranges
                0x00000680       0x40 build/list.o
 .debug_aranges
                0x000006c0       0x78 build/port.o
 .debug_aranges
                0x00000738       0x50 build/heap_4.o
 .debug_aranges
                0x00000788      0x158 build/queue.o
 .debug_aranges
                0x000008e0      0x1f8 build/tasks.o
 .debug_aranges
                0x00000ad8       0x98 build/main.o
 .debug_aranges
                0x00000b70       0x48 build/nokia.o
 .debug_aranges
                0x00000bb8       0x30 build/stm32f1xx_hal_msp.o
 .debug_aranges
                0x00000be8       0x50 build/stm32f1xx_it.o
 .debug_aranges
                0x00000c38       0x28 build/system_stm32f1xx.o
 .debug_aranges
                0x00000c60       0x28 build/startup_stm32f103xb.o

.debug_rnglists
                0x00000000      0xa8f
 .debug_rnglists
                0x00000000       0xa3 build/stm32f1xx_hal.o
 .debug_rnglists
                0x000000a3       0x8b build/stm32f1xx_hal_cortex.o
 .debug_rnglists
                0x0000012e       0x3f build/stm32f1xx_hal_gpio.o
 .debug_rnglists
                0x0000016d       0x7d build/stm32f1xx_hal_rcc.o
 .debug_rnglists
                0x000001ea      0x168 build/stm32f1xx_hal_spi.o
 .debug_rnglists
                0x00000352      0x1a6 build/cmsis_os2.o
 .debug_rnglists
                0x000004f8       0x2b build/list.o
 .debug_rnglists
                0x00000523       0x56 build/port.o
 .debug_rnglists
                0x00000579       0x38 build/heap_4.o
 .debug_rnglists
                0x000005b1      0x170 build/queue.o
 .debug_rnglists
                0x00000721      0x22a build/tasks.o
 .debug_rnglists
                0x0000094b       0x8a build/main.o
 .debug_rnglists
                0x000009d5       0x31 build/nokia.o
 .debug_rnglists
                0x00000a06       0x1f build/stm32f1xx_hal_msp.o
 .debug_rnglists
                0x00000a25       0x37 build/stm32f1xx_it.o
 .debug_rnglists
                0x00000a5c       0x1a build/system_stm32f1xx.o
 .debug_rnglists
                0x00000a76       0x19 build/startup_stm32f103xb.o

.debug_line     0x00000000     0xe7bc
 .debug_line    0x00000000      0x5ba build/stm32f1xx_hal.o
 .debug_line    0x000005ba      0x75d build/stm32f1xx_hal_cortex.o
 .debug_line    0x00000d17      0x637 build/stm32f1xx_hal_gpio.o
 .debug_line    0x0000134e      0xca2 build/stm32f1xx_hal_rcc.o
 .debug_line    0x00001ff0     0x256d build/stm32f1xx_hal_spi.o
 .debug_line    0x0000455d     0x2eb9 build/cmsis_os2.o
 .debug_line    0x00007416      0x400 build/list.o
 .debug_line    0x00007816      0x67b build/port.o
 .debug_line    0x00007e91      0x73d build/heap_4.o
 .debug_line    0x000085ce     0x2086 build/queue.o
 .debug_line    0x0000a654     0x2bc9 build/tasks.o
 .debug_line    0x0000d21d      0x975 build/main.o
 .debug_line    0x0000db92      0x3a9 build/nokia.o
 .debug_line    0x0000df3b      0x343 build/stm32f1xx_hal_msp.o
 .debug_line    0x0000e27e      0x1fd build/stm32f1xx_it.o
 .debug_line    0x0000e47b      0x2cd build/system_stm32f1xx.o
 .debug_line    0x0000e748       0x74 build/startup_stm32f103xb.o

.debug_str      0x00000000     0x47d0
 .debug_str     0x00000000      0x7a7 build/stm32f1xx_hal.o
                                0x80a (size before relaxing)
 .debug_str     0x000007a7      0x3cc build/stm32f1xx_hal_cortex.o
                                0x8af (size before relaxing)
 .debug_str     0x00000b73      0x1cc build/stm32f1xx_hal_gpio.o
                                0x3dc (size before relaxing)
 .debug_str     0x00000d3f      0x343 build/stm32f1xx_hal_rcc.o
                                0x607 (size before relaxing)
 .debug_str     0x00001082      0x8e8 build/stm32f1xx_hal_spi.o
                                0xb43 (size before relaxing)
 .debug_str     0x0000196a     0x16f6 build/cmsis_os2.o
                               0x192d (size before relaxing)
 .debug_str     0x00003060      0x136 build/list.o
                                0x2d1 (size before relaxing)
 .debug_str     0x00003196      0x241 build/port.o
                                0x441 (size before relaxing)
 .debug_str     0x000033d7      0x1de build/heap_4.o
                                0x3c5 (size before relaxing)
 .debug_str     0x000035b5      0x5d8 build/queue.o
                                0xc5c (size before relaxing)
 .debug_str     0x00003b8d      0x884 build/tasks.o
                               0x124b (size before relaxing)
 .debug_str     0x00004411      0x284 build/main.o
                               0x1067 (size before relaxing)
 .debug_str     0x00004695       0x1f build/nokia.o
                                0x65b (size before relaxing)
 .debug_str     0x000046b4       0x18 build/stm32f1xx_hal_msp.o
                                0x945 (size before relaxing)
 .debug_str     0x000046cc       0x88 build/stm32f1xx_it.o
                                0x219 (size before relaxing)
 .debug_str     0x00004754       0x4a build/system_stm32f1xx.o
                                0x22b (size before relaxing)
 .debug_str     0x0000479e       0x32 build/startup_stm32f103xb.o
                                 0x63 (size before relaxing)

.debug_frame    0x00000000     0x235c
 .debug_frame   0x00000000      0x1cc build/stm32f1xx_hal.o
 .debug_frame   0x000001cc      0x19c build/stm32f1xx_hal_cortex.o
 .debug_frame   0x00000368       0xe4 build/stm32f1xx_hal_gpio.o
 .debug_frame   0x0000044c      0x184 build/stm32f1xx_hal_rcc.o
 .debug_frame   0x000005d0      0x5ac build/stm32f1xx_hal_spi.o
 .debug_frame   0x00000b7c      0x7a8 build/cmsis_os2.o
 .debug_frame   0x00001324       0x70 build/list.o
 .debug_frame   0x00001394       0xf0 build/port.o
 .debug_frame   0x00001484       0xb0 build/heap_4.o
 .debug_frame   0x00001534      0x458 build/queue.o
 .debug_frame   0x0000198c      0x65c build/tasks.o
 .debug_frame   0x00001fe8      0x19c build/main.o
 .debug_frame   0x00002184       0xbc build/nokia.o
 .debug_frame   0x00002240       0x64 build/stm32f1xx_hal_msp.o
 .debug_frame   0x000022a4       0x88 build/stm32f1xx_it.o
 .debug_frame   0x0000232c       0x30 build/system_stm32f1xx.o

.debug_line_str
                0x00000000       0x47
 .debug_line_str
                0x00000000       0x47 build/startup_stm32f103xb.o

Cross Reference Table

Symbol                                            File
ADC1_2_IRQHandler                                 build/startup_stm32f103xb.o
AHBPrescTable                                     build/system_stm32f1xx.o
                                                  build/stm32f1xx_hal_rcc.o
APBPrescTable                                     build/system_stm32f1xx.o
                                                  build/stm32f1xx_hal_rcc.o
BusFault_Handler                                  build/stm32f1xx_it.o
CAN1_RX1_IRQHandler                               build/startup_stm32f103xb.o
CAN1_SCE_IRQHandler                               build/startup_stm32f103xb.o
DMA1_Channel1_IRQHandler                          build/startup_stm32f103xb.o
DMA1_Channel2_IRQHandler                          build/startup_stm32f103xb.o
DMA1_Channel3_IRQHandler                          build/startup_stm32f103xb.o
DMA1_Channel4_IRQHandler                          build/startup_stm32f103xb.o
DMA1_Channel5_IRQHandler                          build/startup_stm32f103xb.o
DMA1_Channel6_IRQHandler                          build/startup_stm32f103xb.o
DMA1_Channel7_IRQHandler                          build/startup_stm32f103xb.o
DebugMon_Handler                                  build/stm32f1xx_it.o
Default_Handler                                   build/startup_stm32f103xb.o
EXTI0_IRQHandler                                  build/startup_stm32f103xb.o
EXTI15_10_IRQHandler                              build/startup_stm32f103xb.o
EXTI1_IRQHandler                                  build/startup_stm32f103xb.o
EXTI2_IRQHandler                                  build/startup_stm32f103xb.o
EXTI3_IRQHandler                                  build/startup_stm32f103xb.o
EXTI4_IRQHandler                                  build/startup_stm32f103xb.o
EXTI9_5_IRQHandler                                build/startup_stm32f103xb.o
Error_Handler                                     build/main.o
FLASH_IRQHandler                                  build/startup_stm32f103xb.o
FLASH_PageErase                                   build/stm32f1xx_hal_flash_ex.o
                                                  build/stm32f1xx_hal_flash.o
FLASH_WaitForLastOperation                        build/stm32f1xx_hal_flash.o
                                                  build/stm32f1xx_hal_flash_ex.o
HAL_DBGMCU_DisableDBGSleepMode                    build/stm32f1xx_hal.o
HAL_DBGMCU_DisableDBGStandbyMode                  build/stm32f1xx_hal.o
HAL_DBGMCU_DisableDBGStopMode                     build/stm32f1xx_hal.o
HAL_DBGMCU_EnableDBGSleepMode                     build/stm32f1xx_hal.o
HAL_DBGMCU_EnableDBGStandbyMode                   build/stm32f1xx_hal.o
HAL_DBGMCU_EnableDBGStopMode                      build/stm32f1xx_hal.o
HAL_DMA_Abort                                     build/stm32f1xx_hal_dma.o
                                                  build/stm32f1xx_hal_spi.o
HAL_DMA_Abort_IT                                  build/stm32f1xx_hal_dma.o
                                                  build/stm32f1xx_hal_spi.o
HAL_DMA_DeInit                                    build/stm32f1xx_hal_dma.o
HAL_DMA_GetError                                  build/stm32f1xx_hal_dma.o
HAL_DMA_GetState                                  build/stm32f1xx_hal_dma.o
HAL_DMA_IRQHandler                                build/stm32f1xx_hal_dma.o
HAL_DMA_Init                                      build/stm32f1xx_hal_dma.o
HAL_DMA_PollForTransfer                           build/stm32f1xx_hal_dma.o
HAL_DMA_RegisterCallback                          build/stm32f1xx_hal_dma.o
HAL_DMA_Start                                     build/stm32f1xx_hal_dma.o
HAL_DMA_Start_IT                                  build/stm32f1xx_hal_dma.o
                                                  build/stm32f1xx_hal_spi.o
HAL_DMA_UnRegisterCallback                        build/stm32f1xx_hal_dma.o
HAL_DeInit                                        build/stm32f1xx_hal.o
HAL_Delay                                         build/stm32f1xx_hal.o
                                                  build/nokia.o
                                                  build/main.o
HAL_EXTI_ClearConfigLine                          build/stm32f1xx_hal_exti.o
HAL_EXTI_ClearPending                             build/stm32f1xx_hal_exti.o
HAL_EXTI_GenerateSWI                              build/stm32f1xx_hal_exti.o
HAL_EXTI_GetConfigLine                            build/stm32f1xx_hal_exti.o
HAL_EXTI_GetHandle                                build/stm32f1xx_hal_exti.o
HAL_EXTI_GetPending                               build/stm32f1xx_hal_exti.o
HAL_EXTI_IRQHandler                               build/stm32f1xx_hal_exti.o
HAL_EXTI_RegisterCallback                         build/stm32f1xx_hal_exti.o
HAL_EXTI_SetConfigLine                            build/stm32f1xx_hal_exti.o
HAL_FLASHEx_Erase                                 build/stm32f1xx_hal_flash_ex.o
HAL_FLASHEx_Erase_IT                              build/stm32f1xx_hal_flash_ex.o
HAL_FLASHEx_OBErase                               build/stm32f1xx_hal_flash_ex.o
HAL_FLASHEx_OBGetConfig                           build/stm32f1xx_hal_flash_ex.o
HAL_FLASHEx_OBGetUserData                         build/stm32f1xx_hal_flash_ex.o
HAL_FLASHEx_OBProgram                             build/stm32f1xx_hal_flash_ex.o
HAL_FLASH_EndOfOperationCallback                  build/stm32f1xx_hal_flash.o
HAL_FLASH_GetError                                build/stm32f1xx_hal_flash.o
HAL_FLASH_IRQHandler                              build/stm32f1xx_hal_flash.o
HAL_FLASH_Lock                                    build/stm32f1xx_hal_flash.o
HAL_FLASH_OB_Launch                               build/stm32f1xx_hal_flash.o
HAL_FLASH_OB_Lock                                 build/stm32f1xx_hal_flash.o
HAL_FLASH_OB_Unlock                               build/stm32f1xx_hal_flash.o
HAL_FLASH_OperationErrorCallback                  build/stm32f1xx_hal_flash.o
HAL_FLASH_Program                                 build/stm32f1xx_hal_flash.o
HAL_FLASH_Program_IT                              build/stm32f1xx_hal_flash.o
HAL_FLASH_Unlock                                  build/stm32f1xx_hal_flash.o
HAL_GPIOEx_ConfigEventout                         build/stm32f1xx_hal_gpio_ex.o
HAL_GPIOEx_DisableEventout                        build/stm32f1xx_hal_gpio_ex.o
HAL_GPIOEx_EnableEventout                         build/stm32f1xx_hal_gpio_ex.o
HAL_GPIO_DeInit                                   build/stm32f1xx_hal_gpio.o
                                                  build/stm32f1xx_hal_msp.o
HAL_GPIO_EXTI_Callback                            build/stm32f1xx_hal_gpio.o
HAL_GPIO_EXTI_IRQHandler                          build/stm32f1xx_hal_gpio.o
HAL_GPIO_Init                                     build/stm32f1xx_hal_gpio.o
                                                  build/stm32f1xx_hal_msp.o
                                                  build/main.o
                                                  build/stm32f1xx_hal_rcc.o
HAL_GPIO_LockPin                                  build/stm32f1xx_hal_gpio.o
HAL_GPIO_ReadPin                                  build/stm32f1xx_hal_gpio.o
                                                  build/main.o
HAL_GPIO_TogglePin                                build/stm32f1xx_hal_gpio.o
                                                  build/main.o
HAL_GPIO_WritePin                                 build/stm32f1xx_hal_gpio.o
                                                  build/nokia.o
                                                  build/main.o
HAL_GetDEVID                                      build/stm32f1xx_hal.o
HAL_GetHalVersion                                 build/stm32f1xx_hal.o
HAL_GetREVID                                      build/stm32f1xx_hal.o
HAL_GetTick                                       build/stm32f1xx_hal.o
                                                  build/stm32f1xx_hal_spi.o
                                                  build/stm32f1xx_hal_rcc_ex.o
                                                  build/stm32f1xx_hal_rcc.o
                                                  build/stm32f1xx_hal_flash.o
                                                  build/stm32f1xx_hal_dma.o
HAL_GetTickFreq                                   build/stm32f1xx_hal.o
HAL_GetTickPrio                                   build/stm32f1xx_hal.o
HAL_GetUIDw0                                      build/stm32f1xx_hal.o
HAL_GetUIDw1                                      build/stm32f1xx_hal.o
HAL_GetUIDw2                                      build/stm32f1xx_hal.o
HAL_IncTick                                       build/stm32f1xx_hal.o
                                                  build/stm32f1xx_it.o
HAL_Init                                          build/stm32f1xx_hal.o
                                                  build/main.o
HAL_InitTick                                      build/stm32f1xx_hal.o
                                                  build/stm32f1xx_hal_rcc.o
HAL_MspDeInit                                     build/stm32f1xx_hal.o
HAL_MspInit                                       build/stm32f1xx_hal_msp.o
                                                  build/stm32f1xx_hal.o
HAL_NVIC_ClearPendingIRQ                          build/stm32f1xx_hal_cortex.o
HAL_NVIC_DisableIRQ                               build/stm32f1xx_hal_cortex.o
HAL_NVIC_EnableIRQ                                build/stm32f1xx_hal_cortex.o
HAL_NVIC_GetActive                                build/stm32f1xx_hal_cortex.o
HAL_NVIC_GetPendingIRQ                            build/stm32f1xx_hal_cortex.o
HAL_NVIC_GetPriority                              build/stm32f1xx_hal_cortex.o
HAL_NVIC_GetPriorityGrouping                      build/stm32f1xx_hal_cortex.o
HAL_NVIC_SetPendingIRQ                            build/stm32f1xx_hal_cortex.o
HAL_NVIC_SetPriority                              build/stm32f1xx_hal_cortex.o
                                                  build/stm32f1xx_hal_msp.o
                                                  build/stm32f1xx_hal.o
HAL_NVIC_SetPriorityGrouping                      build/stm32f1xx_hal_cortex.o
                                                  build/stm32f1xx_hal.o
HAL_NVIC_SystemReset                              build/stm32f1xx_hal_cortex.o
                                                  build/stm32f1xx_hal_flash.o
HAL_PWR_ConfigPVD                                 build/stm32f1xx_hal_pwr.o
HAL_PWR_DeInit                                    build/stm32f1xx_hal_pwr.o
HAL_PWR_DisableBkUpAccess                         build/stm32f1xx_hal_pwr.o
HAL_PWR_DisablePVD                                build/stm32f1xx_hal_pwr.o
HAL_PWR_DisableSEVOnPend                          build/stm32f1xx_hal_pwr.o
HAL_PWR_DisableSleepOnExit                        build/stm32f1xx_hal_pwr.o
HAL_PWR_DisableWakeUpPin                          build/stm32f1xx_hal_pwr.o
HAL_PWR_EnableBkUpAccess                          build/stm32f1xx_hal_pwr.o
HAL_PWR_EnablePVD                                 build/stm32f1xx_hal_pwr.o
HAL_PWR_EnableSEVOnPend                           build/stm32f1xx_hal_pwr.o
HAL_PWR_EnableSleepOnExit                         build/stm32f1xx_hal_pwr.o
HAL_PWR_EnableWakeUpPin                           build/stm32f1xx_hal_pwr.o
HAL_PWR_EnterSLEEPMode                            build/stm32f1xx_hal_pwr.o
HAL_PWR_EnterSTANDBYMode                          build/stm32f1xx_hal_pwr.o
HAL_PWR_EnterSTOPMode                             build/stm32f1xx_hal_pwr.o
HAL_PWR_PVDCallback                               build/stm32f1xx_hal_pwr.o
HAL_PWR_PVD_IRQHandler                            build/stm32f1xx_hal_pwr.o
HAL_RCCEx_GetPeriphCLKConfig                      build/stm32f1xx_hal_rcc_ex.o
HAL_RCCEx_GetPeriphCLKFreq                        build/stm32f1xx_hal_rcc_ex.o
HAL_RCCEx_PeriphCLKConfig                         build/stm32f1xx_hal_rcc_ex.o
HAL_RCC_CSSCallback                               build/stm32f1xx_hal_rcc.o
HAL_RCC_ClockConfig                               build/stm32f1xx_hal_rcc.o
                                                  build/main.o
HAL_RCC_DeInit                                    build/stm32f1xx_hal_rcc.o
HAL_RCC_DisableCSS                                build/stm32f1xx_hal_rcc.o
HAL_RCC_EnableCSS                                 build/stm32f1xx_hal_rcc.o
HAL_RCC_GetClockConfig                            build/stm32f1xx_hal_rcc.o
HAL_RCC_GetHCLKFreq                               build/stm32f1xx_hal_rcc.o
HAL_RCC_GetOscConfig                              build/stm32f1xx_hal_rcc.o
HAL_RCC_GetPCLK1Freq                              build/stm32f1xx_hal_rcc.o
HAL_RCC_GetPCLK2Freq                              build/stm32f1xx_hal_rcc.o
                                                  build/stm32f1xx_hal_rcc_ex.o
HAL_RCC_GetSysClockFreq                           build/stm32f1xx_hal_rcc.o
HAL_RCC_MCOConfig                                 build/stm32f1xx_hal_rcc.o
HAL_RCC_NMI_IRQHandler                            build/stm32f1xx_hal_rcc.o
HAL_RCC_OscConfig                                 build/stm32f1xx_hal_rcc.o
                                                  build/main.o
HAL_ResumeTick                                    build/stm32f1xx_hal.o
HAL_SPI_Abort                                     build/stm32f1xx_hal_spi.o
HAL_SPI_AbortCpltCallback                         build/stm32f1xx_hal_spi.o
HAL_SPI_Abort_IT                                  build/stm32f1xx_hal_spi.o
HAL_SPI_DMAPause                                  build/stm32f1xx_hal_spi.o
HAL_SPI_DMAResume                                 build/stm32f1xx_hal_spi.o
HAL_SPI_DMAStop                                   build/stm32f1xx_hal_spi.o
HAL_SPI_DeInit                                    build/stm32f1xx_hal_spi.o
HAL_SPI_ErrorCallback                             build/stm32f1xx_hal_spi.o
HAL_SPI_GetError                                  build/stm32f1xx_hal_spi.o
HAL_SPI_GetState                                  build/stm32f1xx_hal_spi.o
HAL_SPI_IRQHandler                                build/stm32f1xx_hal_spi.o
HAL_SPI_Init                                      build/stm32f1xx_hal_spi.o
                                                  build/main.o
HAL_SPI_MspDeInit                                 build/stm32f1xx_hal_msp.o
                                                  build/stm32f1xx_hal_spi.o
HAL_SPI_MspInit                                   build/stm32f1xx_hal_msp.o
                                                  build/stm32f1xx_hal_spi.o
HAL_SPI_Receive                                   build/stm32f1xx_hal_spi.o
HAL_SPI_Receive_DMA                               build/stm32f1xx_hal_spi.o
HAL_SPI_Receive_IT                                build/stm32f1xx_hal_spi.o
HAL_SPI_RxCpltCallback                            build/stm32f1xx_hal_spi.o
HAL_SPI_RxHalfCpltCallback                        build/stm32f1xx_hal_spi.o
HAL_SPI_Transmit                                  build/stm32f1xx_hal_spi.o
                                                  build/nokia.o
HAL_SPI_TransmitReceive                           build/stm32f1xx_hal_spi.o
HAL_SPI_TransmitReceive_DMA                       build/stm32f1xx_hal_spi.o
HAL_SPI_TransmitReceive_IT                        build/stm32f1xx_hal_spi.o
HAL_SPI_Transmit_DMA                              build/stm32f1xx_hal_spi.o
HAL_SPI_Transmit_IT                               build/stm32f1xx_hal_spi.o
HAL_SPI_TxCpltCallback                            build/stm32f1xx_hal_spi.o
HAL_SPI_TxHalfCpltCallback                        build/stm32f1xx_hal_spi.o
HAL_SPI_TxRxCpltCallback                          build/stm32f1xx_hal_spi.o
HAL_SPI_TxRxHalfCpltCallback                      build/stm32f1xx_hal_spi.o
HAL_SYSTICK_CLKSourceConfig                       build/stm32f1xx_hal_cortex.o
HAL_SYSTICK_Callback                              build/stm32f1xx_hal_cortex.o
HAL_SYSTICK_Config                                build/stm32f1xx_hal_cortex.o
                                                  build/stm32f1xx_hal.o
HAL_SYSTICK_IRQHandler                            build/stm32f1xx_hal_cortex.o
HAL_SetTickFreq                                   build/stm32f1xx_hal.o
HAL_SuspendTick                                   build/stm32f1xx_hal.o
HardFault_Handler                                 build/stm32f1xx_it.o
I2C1_ER_IRQHandler                                build/startup_stm32f103xb.o
I2C1_EV_IRQHandler                                build/startup_stm32f103xb.o
I2C2_ER_IRQHandler                                build/startup_stm32f103xb.o
I2C2_EV_IRQHandler                                build/startup_stm32f103xb.o
MemManage_Handler                                 build/stm32f1xx_it.o
NMI_Handler                                       build/stm32f1xx_it.o
PVD_IRQHandler                                    build/startup_stm32f103xb.o
PendSV_Handler                                    build/port.o
RCC_IRQHandler                                    build/startup_stm32f103xb.o
RTC_Alarm_IRQHandler                              build/startup_stm32f103xb.o
RTC_IRQHandler                                    build/startup_stm32f103xb.o
Reset_Handler                                     build/startup_stm32f103xb.o
SPI1_IRQHandler                                   build/startup_stm32f103xb.o
SPI2_IRQHandler                                   build/startup_stm32f103xb.o
SPI_MUTEXControlBlock                             build/main.o
SPI_MUTEXHandle                                   build/main.o
SPI_MUTEX_attributes                              build/main.o
SVC_Handler                                       build/port.o
StartDefaultTask                                  build/main.o
SysTick_Handler                                   build/stm32f1xx_it.o
SystemClock_Config                                build/main.o
SystemCoreClock                                   build/system_stm32f1xx.o
                                                  build/port.o
                                                  build/cmsis_os2.o
                                                  build/stm32f1xx_hal_spi.o
                                                  build/stm32f1xx_hal_rcc.o
                                                  build/stm32f1xx_hal.o
SystemCoreClockUpdate                             build/system_stm32f1xx.o
SystemInit                                        build/system_stm32f1xx.o
                                                  build/startup_stm32f103xb.o
TAMPER_IRQHandler                                 build/startup_stm32f103xb.o
TIM1_BRK_IRQHandler                               build/startup_stm32f103xb.o
TIM1_CC_IRQHandler                                build/startup_stm32f103xb.o
TIM1_TRG_COM_IRQHandler                           build/startup_stm32f103xb.o
TIM1_UP_IRQHandler                                build/startup_stm32f103xb.o
TIM2_IRQHandler                                   build/startup_stm32f103xb.o
TIM3_IRQHandler                                   build/startup_stm32f103xb.o
TIM4_IRQHandler                                   build/startup_stm32f103xb.o
USART1_IRQHandler                                 build/startup_stm32f103xb.o
USART2_IRQHandler                                 build/startup_stm32f103xb.o
USART3_IRQHandler                                 build/startup_stm32f103xb.o
USBWakeUp_IRQHandler                              build/startup_stm32f103xb.o
USB_HP_CAN1_TX_IRQHandler                         build/startup_stm32f103xb.o
USB_LP_CAN1_RX0_IRQHandler                        build/startup_stm32f103xb.o
UsageFault_Handler                                build/stm32f1xx_it.o
WWDG_IRQHandler                                   build/startup_stm32f103xb.o
__atexit                                          c:/users/abhinav/appdata/roaming/code/user/globalstorage/bmd.stm32-for-vscode/@xpack-dev-tools/arm-none-eabi-gcc/12.3.1-1.1.1/.content/bin/../lib/gcc/arm-none-eabi/12.3.1/../../../../arm-none-eabi/lib/thumb/v7-m/nofp\libc_nano.a(libc_a-__call_atexit.o)
                                                  c:/users/abhinav/appdata/roaming/code/user/globalstorage/bmd.stm32-for-vscode/@xpack-dev-tools/arm-none-eabi-gcc/12.3.1-1.1.1/.content/bin/../lib/gcc/arm-none-eabi/12.3.1/../../../../arm-none-eabi/lib/thumb/v7-m/nofp\libc_nano.a(libc_a-__atexit.o)
__atexit0                                         c:/users/abhinav/appdata/roaming/code/user/globalstorage/bmd.stm32-for-vscode/@xpack-dev-tools/arm-none-eabi-gcc/12.3.1-1.1.1/.content/bin/../lib/gcc/arm-none-eabi/12.3.1/../../../../arm-none-eabi/lib/thumb/v7-m/nofp\libc_nano.a(libc_a-__atexit.o)
__atexit_dummy                                    c:/users/abhinav/appdata/roaming/code/user/globalstorage/bmd.stm32-for-vscode/@xpack-dev-tools/arm-none-eabi-gcc/12.3.1-1.1.1/.content/bin/../lib/gcc/arm-none-eabi/12.3.1/../../../../arm-none-eabi/lib/thumb/v7-m/nofp\libc_nano.a(libc_a-__atexit.o)
__atexit_recursive_mutex                          c:/users/abhinav/appdata/roaming/code/user/globalstorage/bmd.stm32-for-vscode/@xpack-dev-tools/arm-none-eabi-gcc/12.3.1-1.1.1/.content/bin/../lib/gcc/arm-none-eabi/12.3.1/../../../../arm-none-eabi/lib/thumb/v7-m/nofp\libc_nano.a(libc_a-__call_atexit.o)
                                                  c:/users/abhinav/appdata/roaming/code/user/globalstorage/bmd.stm32-for-vscode/@xpack-dev-tools/arm-none-eabi-gcc/12.3.1-1.1.1/.content/bin/../lib/gcc/arm-none-eabi/12.3.1/../../../../arm-none-eabi/lib/thumb/v7-m/nofp\libc_nano.a(libc_a-__atexit.o)
__bss_end__                                       c:/users/abhinav/appdata/roaming/code/user/globalstorage/bmd.stm32-for-vscode/@xpack-dev-tools/arm-none-eabi-gcc/12.3.1-1.1.1/.content/bin/../lib/gcc/arm-none-eabi/12.3.1/../../../../arm-none-eabi/lib/thumb/v7-m/nofp/crt0.o
__bss_start__                                     c:/users/abhinav/appdata/roaming/code/user/globalstorage/bmd.stm32-for-vscode/@xpack-dev-tools/arm-none-eabi-gcc/12.3.1-1.1.1/.content/bin/../lib/gcc/arm-none-eabi/12.3.1/../../../../arm-none-eabi/lib/thumb/v7-m/nofp/crt0.o
__call_exitprocs                                  c:/users/abhinav/appdata/roaming/code/user/globalstorage/bmd.stm32-for-vscode/@xpack-dev-tools/arm-none-eabi-gcc/12.3.1-1.1.1/.content/bin/../lib/gcc/arm-none-eabi/12.3.1/../../../../arm-none-eabi/lib/thumb/v7-m/nofp\libc_nano.a(libc_a-__call_atexit.o)
                                                  c:/users/abhinav/appdata/roaming/code/user/globalstorage/bmd.stm32-for-vscode/@xpack-dev-tools/arm-none-eabi-gcc/12.3.1-1.1.1/.content/bin/../lib/gcc/arm-none-eabi/12.3.1/../../../../arm-none-eabi/lib/thumb/v7-m/nofp\libc_nano.a(libc_a-__atexit.o)
                                                  c:/users/abhinav/appdata/roaming/code/user/globalstorage/bmd.stm32-for-vscode/@xpack-dev-tools/arm-none-eabi-gcc/12.3.1-1.1.1/.content/bin/../lib/gcc/arm-none-eabi/12.3.1/../../../../arm-none-eabi/lib/thumb/v7-m/nofp\libc_nano.a(libc_a-exit.o)
__deregister_frame_info                           c:/users/abhinav/appdata/roaming/code/user/globalstorage/bmd.stm32-for-vscode/@xpack-dev-tools/arm-none-eabi-gcc/12.3.1-1.1.1/.content/bin/../lib/gcc/arm-none-eabi/12.3.1/thumb/v7-m/nofp/crtbegin.o
__dso_handle                                      c:/users/abhinav/appdata/roaming/code/user/globalstorage/bmd.stm32-for-vscode/@xpack-dev-tools/arm-none-eabi-gcc/12.3.1-1.1.1/.content/bin/../lib/gcc/arm-none-eabi/12.3.1/thumb/v7-m/nofp/crtbegin.o
__fini_array_end                                  c:/users/abhinav/appdata/roaming/code/user/globalstorage/bmd.stm32-for-vscode/@xpack-dev-tools/arm-none-eabi-gcc/12.3.1-1.1.1/.content/bin/../lib/gcc/arm-none-eabi/12.3.1/../../../../arm-none-eabi/lib/thumb/v7-m/nofp\libc_nano.a(libc_a-fini.o)
__fini_array_start                                c:/users/abhinav/appdata/roaming/code/user/globalstorage/bmd.stm32-for-vscode/@xpack-dev-tools/arm-none-eabi-gcc/12.3.1-1.1.1/.content/bin/../lib/gcc/arm-none-eabi/12.3.1/../../../../arm-none-eabi/lib/thumb/v7-m/nofp\libc_nano.a(libc_a-fini.o)
__fp_lock_all                                     c:/users/abhinav/appdata/roaming/code/user/globalstorage/bmd.stm32-for-vscode/@xpack-dev-tools/arm-none-eabi-gcc/12.3.1-1.1.1/.content/bin/../lib/gcc/arm-none-eabi/12.3.1/../../../../arm-none-eabi/lib/thumb/v7-m/nofp\libc_nano.a(libc_a-findfp.o)
__fp_unlock_all                                   c:/users/abhinav/appdata/roaming/code/user/globalstorage/bmd.stm32-for-vscode/@xpack-dev-tools/arm-none-eabi-gcc/12.3.1-1.1.1/.content/bin/../lib/gcc/arm-none-eabi/12.3.1/../../../../arm-none-eabi/lib/thumb/v7-m/nofp\libc_nano.a(libc_a-findfp.o)
__init_array_end                                  c:/users/abhinav/appdata/roaming/code/user/globalstorage/bmd.stm32-for-vscode/@xpack-dev-tools/arm-none-eabi-gcc/12.3.1-1.1.1/.content/bin/../lib/gcc/arm-none-eabi/12.3.1/../../../../arm-none-eabi/lib/thumb/v7-m/nofp\libc_nano.a(libc_a-init.o)
__init_array_start                                c:/users/abhinav/appdata/roaming/code/user/globalstorage/bmd.stm32-for-vscode/@xpack-dev-tools/arm-none-eabi-gcc/12.3.1-1.1.1/.content/bin/../lib/gcc/arm-none-eabi/12.3.1/../../../../arm-none-eabi/lib/thumb/v7-m/nofp\libc_nano.a(libc_a-init.o)
__libc_fini_array                                 c:/users/abhinav/appdata/roaming/code/user/globalstorage/bmd.stm32-for-vscode/@xpack-dev-tools/arm-none-eabi-gcc/12.3.1-1.1.1/.content/bin/../lib/gcc/arm-none-eabi/12.3.1/../../../../arm-none-eabi/lib/thumb/v7-m/nofp\libc_nano.a(libc_a-fini.o)
                                                  c:/users/abhinav/appdata/roaming/code/user/globalstorage/bmd.stm32-for-vscode/@xpack-dev-tools/arm-none-eabi-gcc/12.3.1-1.1.1/.content/bin/../lib/gcc/arm-none-eabi/12.3.1/../../../../arm-none-eabi/lib/thumb/v7-m/nofp/crt0.o
__libc_init_array                                 c:/users/abhinav/appdata/roaming/code/user/globalstorage/bmd.stm32-for-vscode/@xpack-dev-tools/arm-none-eabi-gcc/12.3.1-1.1.1/.content/bin/../lib/gcc/arm-none-eabi/12.3.1/../../../../arm-none-eabi/lib/thumb/v7-m/nofp\libc_nano.a(libc_a-init.o)
                                                  build/startup_stm32f103xb.o